Archive member included to satisfy reference by file (symbol)

c:/st/stm32cubeide_1.9.0/stm32cubeide/plugins/com.st.stm32cube.ide.mcu.externaltools.gnu-tools-for-stm32.10.3-2021.10.win32_1.0.0.202111181127/tools/bin/../lib/gcc/arm-none-eabi/10.3.1/../../../../arm-none-eabi/lib/thumb/v7e-m+fp/hard\libc_nano.a(lib_a-exit.o)
                              c:/st/stm32cubeide_1.9.0/stm32cubeide/plugins/com.st.stm32cube.ide.mcu.externaltools.gnu-tools-for-stm32.10.3-2021.10.win32_1.0.0.202111181127/tools/bin/../lib/gcc/arm-none-eabi/10.3.1/../../../../arm-none-eabi/lib/thumb/v7e-m+fp/hard/crt0.o (exit)
c:/st/stm32cubeide_1.9.0/stm32cubeide/plugins/com.st.stm32cube.ide.mcu.externaltools.gnu-tools-for-stm32.10.3-2021.10.win32_1.0.0.202111181127/tools/bin/../lib/gcc/arm-none-eabi/10.3.1/../../../../arm-none-eabi/lib/thumb/v7e-m+fp/hard\libc_nano.a(lib_a-impure.o)
                              c:/st/stm32cubeide_1.9.0/stm32cubeide/plugins/com.st.stm32cube.ide.mcu.externaltools.gnu-tools-for-stm32.10.3-2021.10.win32_1.0.0.202111181127/tools/bin/../lib/gcc/arm-none-eabi/10.3.1/../../../../arm-none-eabi/lib/thumb/v7e-m+fp/hard\libc_nano.a(lib_a-exit.o) (_global_impure_ptr)
c:/st/stm32cubeide_1.9.0/stm32cubeide/plugins/com.st.stm32cube.ide.mcu.externaltools.gnu-tools-for-stm32.10.3-2021.10.win32_1.0.0.202111181127/tools/bin/../lib/gcc/arm-none-eabi/10.3.1/../../../../arm-none-eabi/lib/thumb/v7e-m+fp/hard\libc_nano.a(lib_a-init.o)
                              c:/st/stm32cubeide_1.9.0/stm32cubeide/plugins/com.st.stm32cube.ide.mcu.externaltools.gnu-tools-for-stm32.10.3-2021.10.win32_1.0.0.202111181127/tools/bin/../lib/gcc/arm-none-eabi/10.3.1/../../../../arm-none-eabi/lib/thumb/v7e-m+fp/hard/crt0.o (__libc_init_array)
c:/st/stm32cubeide_1.9.0/stm32cubeide/plugins/com.st.stm32cube.ide.mcu.externaltools.gnu-tools-for-stm32.10.3-2021.10.win32_1.0.0.202111181127/tools/bin/../lib/gcc/arm-none-eabi/10.3.1/../../../../arm-none-eabi/lib/thumb/v7e-m+fp/hard\libc_nano.a(lib_a-memset.o)
                              c:/st/stm32cubeide_1.9.0/stm32cubeide/plugins/com.st.stm32cube.ide.mcu.externaltools.gnu-tools-for-stm32.10.3-2021.10.win32_1.0.0.202111181127/tools/bin/../lib/gcc/arm-none-eabi/10.3.1/../../../../arm-none-eabi/lib/thumb/v7e-m+fp/hard/crt0.o (memset)
c:/st/stm32cubeide_1.9.0/stm32cubeide/plugins/com.st.stm32cube.ide.mcu.externaltools.gnu-tools-for-stm32.10.3-2021.10.win32_1.0.0.202111181127/tools/bin/../lib/gcc/arm-none-eabi/10.3.1/thumb/v7e-m+fp/hard\libgcc.a(_aeabi_uldivmod.o)
                              ./Drivers/STM32F4xx_HAL_Driver/Src/stm32f4xx_hal_rcc.o (__aeabi_uldivmod)
c:/st/stm32cubeide_1.9.0/stm32cubeide/plugins/com.st.stm32cube.ide.mcu.externaltools.gnu-tools-for-stm32.10.3-2021.10.win32_1.0.0.202111181127/tools/bin/../lib/gcc/arm-none-eabi/10.3.1/thumb/v7e-m+fp/hard\libgcc.a(_udivmoddi4.o)
                              c:/st/stm32cubeide_1.9.0/stm32cubeide/plugins/com.st.stm32cube.ide.mcu.externaltools.gnu-tools-for-stm32.10.3-2021.10.win32_1.0.0.202111181127/tools/bin/../lib/gcc/arm-none-eabi/10.3.1/thumb/v7e-m+fp/hard\libgcc.a(_aeabi_uldivmod.o) (__udivmoddi4)
c:/st/stm32cubeide_1.9.0/stm32cubeide/plugins/com.st.stm32cube.ide.mcu.externaltools.gnu-tools-for-stm32.10.3-2021.10.win32_1.0.0.202111181127/tools/bin/../lib/gcc/arm-none-eabi/10.3.1/thumb/v7e-m+fp/hard\libgcc.a(_dvmd_tls.o)
                              c:/st/stm32cubeide_1.9.0/stm32cubeide/plugins/com.st.stm32cube.ide.mcu.externaltools.gnu-tools-for-stm32.10.3-2021.10.win32_1.0.0.202111181127/tools/bin/../lib/gcc/arm-none-eabi/10.3.1/thumb/v7e-m+fp/hard\libgcc.a(_aeabi_uldivmod.o) (__aeabi_ldiv0)
c:/st/stm32cubeide_1.9.0/stm32cubeide/plugins/com.st.stm32cube.ide.mcu.externaltools.gnu-tools-for-stm32.10.3-2021.10.win32_1.0.0.202111181127/tools/bin/../lib/gcc/arm-none-eabi/10.3.1/../../../../arm-none-eabi/lib/thumb/v7e-m+fp/hard\libnosys.a(_exit.o)
                              c:/st/stm32cubeide_1.9.0/stm32cubeide/plugins/com.st.stm32cube.ide.mcu.externaltools.gnu-tools-for-stm32.10.3-2021.10.win32_1.0.0.202111181127/tools/bin/../lib/gcc/arm-none-eabi/10.3.1/../../../../arm-none-eabi/lib/thumb/v7e-m+fp/hard\libc_nano.a(lib_a-exit.o) (_exit)

Discarded input sections

 .text          0x0000000000000000        0x0 c:/st/stm32cubeide_1.9.0/stm32cubeide/plugins/com.st.stm32cube.ide.mcu.externaltools.gnu-tools-for-stm32.10.3-2021.10.win32_1.0.0.202111181127/tools/bin/../lib/gcc/arm-none-eabi/10.3.1/thumb/v7e-m+fp/hard/crti.o
 .data          0x0000000000000000        0x0 c:/st/stm32cubeide_1.9.0/stm32cubeide/plugins/com.st.stm32cube.ide.mcu.externaltools.gnu-tools-for-stm32.10.3-2021.10.win32_1.0.0.202111181127/tools/bin/../lib/gcc/arm-none-eabi/10.3.1/thumb/v7e-m+fp/hard/crti.o
 .bss           0x0000000000000000        0x0 c:/st/stm32cubeide_1.9.0/stm32cubeide/plugins/com.st.stm32cube.ide.mcu.externaltools.gnu-tools-for-stm32.10.3-2021.10.win32_1.0.0.202111181127/tools/bin/../lib/gcc/arm-none-eabi/10.3.1/thumb/v7e-m+fp/hard/crti.o
[...]
Memory Configuration

Name             Origin             Length             Attributes
CCMRAM           0x0000000010000000 0x0000000000010000 xrw
RAM              0x0000000020000000 0x0000000000030000 xrw
FLASH            0x0000000008000000 0x0000000000200000 xr
*default*        0x0000000000000000 0xffffffffffffffff

Linker script and memory map

LOAD c:/st/stm32cubeide_1.9.0/stm32cubeide/plugins/com.st.stm32cube.ide.mcu.externaltools.gnu-tools-for-stm32.10.3-2021.10.win32_1.0.0.202111181127/tools/bin/../lib/gcc/arm-none-eabi/10.3.1/thumb/v7e-m+fp/hard/crti.o
LOAD c:/st/stm32cubeide_1.9.0/stm32cubeide/plugins/com.st.stm32cube.ide.mcu.externaltools.gnu-tools-for-stm32.10.3-2021.10.win32_1.0.0.202111181127/tools/bin/../lib/gcc/arm-none-eabi/10.3.1/thumb/v7e-m+fp/hard/crtbegin.o
LOAD c:/st/stm32cubeide_1.9.0/stm32cubeide/plugins/com.st.stm32cube.ide.mcu.externaltools.gnu-tools-for-stm32.10.3-2021.10.win32_1.0.0.202111181127/tools/bin/../lib/gcc/arm-none-eabi/10.3.1/../../../../arm-none-eabi/lib/thumb/v7e-m+fp/hard/crt0.o
LOAD ./Core/Src/fifo.o
LOAD ./Core/Src/main.o
LOAD ./Core/Src/stm32f4xx_hal_msp.o
LOAD ./Core/Src/stm32f4xx_it.o
LOAD ./Core/Src/system_stm32f4xx.o
LOAD ./Core/Startup/startup_stm32f429zitx.o
LOAD ./Drivers/STM32F4xx_HAL_Driver/Src/stm32f4xx_hal.o
LOAD ./Drivers/STM32F4xx_HAL_Driver/Src/stm32f4xx_hal_cortex.o
LOAD ./Drivers/STM32F4xx_HAL_Driver/Src/stm32f4xx_hal_dma.o
LOAD ./Drivers/STM32F4xx_HAL_Driver/Src/stm32f4xx_hal_dma_ex.o
LOAD ./Drivers/STM32F4xx_HAL_Driver/Src/stm32f4xx_hal_eth.o
LOAD ./Drivers/STM32F4xx_HAL_Driver/Src/stm32f4xx_hal_exti.o
LOAD ./Drivers/STM32F4xx_HAL_Driver/Src/stm32f4xx_hal_flash.o
LOAD ./Drivers/STM32F4xx_HAL_Driver/Src/stm32f4xx_hal_flash_ex.o
LOAD ./Drivers/STM32F4xx_HAL_Driver/Src/stm32f4xx_hal_flash_ramfunc.o
LOAD ./Drivers/STM32F4xx_HAL_Driver/Src/stm32f4xx_hal_gpio.o
LOAD ./Drivers/STM32F4xx_HAL_Driver/Src/stm32f4xx_hal_pcd.o
LOAD ./Drivers/STM32F4xx_HAL_Driver/Src/stm32f4xx_hal_pcd_ex.o
LOAD ./Drivers/STM32F4xx_HAL_Driver/Src/stm32f4xx_hal_pwr.o
LOAD ./Drivers/STM32F4xx_HAL_Driver/Src/stm32f4xx_hal_pwr_ex.o
LOAD ./Drivers/STM32F4xx_HAL_Driver/Src/stm32f4xx_hal_rcc.o
LOAD ./Drivers/STM32F4xx_HAL_Driver/Src/stm32f4xx_hal_rcc_ex.o
LOAD ./Drivers/STM32F4xx_HAL_Driver/Src/stm32f4xx_hal_tim.o
LOAD ./Drivers/STM32F4xx_HAL_Driver/Src/stm32f4xx_hal_tim_ex.o
LOAD ./Drivers/STM32F4xx_HAL_Driver/Src/stm32f4xx_hal_uart.o
LOAD ./Drivers/STM32F4xx_HAL_Driver/Src/stm32f4xx_ll_usb.o
START GROUP
LOAD c:/st/stm32cubeide_1.9.0/stm32cubeide/plugins/com.st.stm32cube.ide.mcu.externaltools.gnu-tools-for-stm32.10.3-2021.10.win32_1.0.0.202111181127/tools/bin/../lib/gcc/arm-none-eabi/10.3.1/../../../../arm-none-eabi/lib/thumb/v7e-m+fp/hard\libc_nano.a
LOAD c:/st/stm32cubeide_1.9.0/stm32cubeide/plugins/com.st.stm32cube.ide.mcu.externaltools.gnu-tools-for-stm32.10.3-2021.10.win32_1.0.0.202111181127/tools/bin/../lib/gcc/arm-none-eabi/10.3.1/../../../../arm-none-eabi/lib/thumb/v7e-m+fp/hard\libm.a
END GROUP
START GROUP
LOAD c:/st/stm32cubeide_1.9.0/stm32cubeide/plugins/com.st.stm32cube.ide.mcu.externaltools.gnu-tools-for-stm32.10.3-2021.10.win32_1.0.0.202111181127/tools/bin/../lib/gcc/arm-none-eabi/10.3.1/thumb/v7e-m+fp/hard\libgcc.a
LOAD c:/st/stm32cubeide_1.9.0/stm32cubeide/plugins/com.st.stm32cube.ide.mcu.externaltools.gnu-tools-for-stm32.10.3-2021.10.win32_1.0.0.202111181127/tools/bin/../lib/gcc/arm-none-eabi/10.3.1/../../../../arm-none-eabi/lib/thumb/v7e-m+fp/hard\libc_nano.a
END GROUP
START GROUP
LOAD c:/st/stm32cubeide_1.9.0/stm32cubeide/plugins/com.st.stm32cube.ide.mcu.externaltools.gnu-tools-for-stm32.10.3-2021.10.win32_1.0.0.202111181127/tools/bin/../lib/gcc/arm-none-eabi/10.3.1/thumb/v7e-m+fp/hard\libgcc.a
LOAD c:/st/stm32cubeide_1.9.0/stm32cubeide/plugins/com.st.stm32cube.ide.mcu.externaltools.gnu-tools-for-stm32.10.3-2021.10.win32_1.0.0.202111181127/tools/bin/../lib/gcc/arm-none-eabi/10.3.1/../../../../arm-none-eabi/lib/thumb/v7e-m+fp/hard\libc_nano.a
LOAD c:/st/stm32cubeide_1.9.0/stm32cubeide/plugins/com.st.stm32cube.ide.mcu.externaltools.gnu-tools-for-stm32.10.3-2021.10.win32_1.0.0.202111181127/tools/bin/../lib/gcc/arm-none-eabi/10.3.1/../../../../arm-none-eabi/lib/thumb/v7e-m+fp/hard\libnosys.a
END GROUP
START GROUP
LOAD c:/st/stm32cubeide_1.9.0/stm32cubeide/plugins/com.st.stm32cube.ide.mcu.externaltools.gnu-tools-for-stm32.10.3-2021.10.win32_1.0.0.202111181127/tools/bin/../lib/gcc/arm-none-eabi/10.3.1/thumb/v7e-m+fp/hard\libgcc.a
LOAD c:/st/stm32cubeide_1.9.0/stm32cubeide/plugins/com.st.stm32cube.ide.mcu.externaltools.gnu-tools-for-stm32.10.3-2021.10.win32_1.0.0.202111181127/tools/bin/../lib/gcc/arm-none-eabi/10.3.1/../../../../arm-none-eabi/lib/thumb/v7e-m+fp/hard\libc_nano.a
LOAD c:/st/stm32cubeide_1.9.0/stm32cubeide/plugins/com.st.stm32cube.ide.mcu.externaltools.gnu-tools-for-stm32.10.3-2021.10.win32_1.0.0.202111181127/tools/bin/../lib/gcc/arm-none-eabi/10.3.1/../../../../arm-none-eabi/lib/thumb/v7e-m+fp/hard\libnosys.a
END GROUP
LOAD c:/st/stm32cubeide_1.9.0/stm32cubeide/plugins/com.st.stm32cube.ide.mcu.externaltools.gnu-tools-for-stm32.10.3-2021.10.win32_1.0.0.202111181127/tools/bin/../lib/gcc/arm-none-eabi/10.3.1/thumb/v7e-m+fp/hard/crtend.o
LOAD c:/st/stm32cubeide_1.9.0/stm32cubeide/plugins/com.st.stm32cube.ide.mcu.externaltools.gnu-tools-for-stm32.10.3-2021.10.win32_1.0.0.202111181127/tools/bin/../lib/gcc/arm-none-eabi/10.3.1/thumb/v7e-m+fp/hard/crtn.o
                0x0000000020030000                _estack = (ORIGIN (RAM) + LENGTH (RAM))
                0x0000000000000200                _Min_Heap_Size = 0x200
                0x0000000000000400                _Min_Stack_Size = 0x400

.isr_vector     0x0000000008000000      0x1ac
                0x0000000008000000                . = ALIGN (0x4)
 *(.isr_vector)
 .isr_vector    0x0000000008000000      0x1ac ./Core/Startup/startup_stm32f429zitx.o
                0x0000000008000000                g_pfnVectors
                0x00000000080001ac                . = ALIGN (0x4)

.text           0x00000000080001ac     0x55b4
                0x00000000080001ac                . = ALIGN (0x4)
 *(.text)
 .text          0x00000000080001ac       0x40 c:/st/stm32cubeide_1.9.0/stm32cubeide/plugins/com.st.stm32cube.ide.mcu.externaltools.gnu-tools-for-stm32.10.3-2021.10.win32_1.0.0.202111181127/tools/bin/../lib/gcc/arm-none-eabi/10.3.1/thumb/v7e-m+fp/hard/crtbegin.o
 .text          0x00000000080001ec       0x30 c:/st/stm32cubeide_1.9.0/stm32cubeide/plugins/com.st.stm32cube.ide.mcu.externaltools.gnu-tools-for-stm32.10.3-2021.10.win32_1.0.0.202111181127/tools/bin/../lib/gcc/arm-none-eabi/10.3.1/thumb/v7e-m+fp/hard\libgcc.a(_aeabi_uldivmod.o)
                0x00000000080001ec                __aeabi_uldivmod
 .text          0x000000000800021c      0x2d0 c:/st/stm32cubeide_1.9.0/stm32cubeide/plugins/com.st.stm32cube.ide.mcu.externaltools.gnu-tools-for-stm32.10.3-2021.10.win32_1.0.0.202111181127/tools/bin/../lib/gcc/arm-none-eabi/10.3.1/thumb/v7e-m+fp/hard\libgcc.a(_udivmoddi4.o)
                0x000000000800021c                __udivmoddi4
 .text          0x00000000080004ec        0x4 c:/st/stm32cubeide_1.9.0/stm32cubeide/plugins/com.st.stm32cube.ide.mcu.externaltools.gnu-tools-for-stm32.10.3-2021.10.win32_1.0.0.202111181127/tools/bin/../lib/gcc/arm-none-eabi/10.3.1/thumb/v7e-m+fp/hard\libgcc.a(_dvmd_tls.o)
                0x00000000080004ec                __aeabi_idiv0
                0x00000000080004ec                __aeabi_ldiv0
 *(.text*)
 .text.fifo_init
                0x00000000080004f0       0x44 ./Core/Src/fifo.o
                0x00000000080004f0                fifo_init
 .text.fifo_init_control
                0x0000000008000534       0x20 ./Core/Src/fifo.o
                0x0000000008000534                fifo_init_control
 .text.fifo_read
                0x0000000008000554       0xa8 ./Core/Src/fifo.o
                0x0000000008000554                fifo_read
 .text.fifo_write
                0x00000000080005fc       0xe0 ./Core/Src/fifo.o
                0x00000000080005fc                fifo_write
 .text.UART_fifo_write
                0x00000000080006dc       0x7c ./Core/Src/fifo.o
                0x00000000080006dc                UART_fifo_write
 .text.HAL_UART_RxCpltCallback
                0x0000000008000758       0x14 ./Core/Src/main.o
                0x0000000008000758                HAL_UART_RxCpltCallback
 .text.HAL_UART_TxCpltCallback
                0x000000000800076c       0x30 ./Core/Src/main.o
                0x000000000800076c                HAL_UART_TxCpltCallback
 .text.main     0x000000000800079c       0xcc ./Core/Src/main.o
                0x000000000800079c                main
 .text.SystemClock_Config
                0x0000000008000868       0xd8 ./Core/Src/main.o
                0x0000000008000868                SystemClock_Config
 .text.PeriphCommonClock_Config
                0x0000000008000940       0x30 ./Core/Src/main.o
                0x0000000008000940                PeriphCommonClock_Config
 .text.MX_ETH_Init
                0x0000000008000970       0x9c ./Core/Src/main.o
 .text.MX_TIM3_Init
                0x0000000008000a0c       0x9c ./Core/Src/main.o
 .text.MX_USART2_UART_Init
                0x0000000008000aa8       0x54 ./Core/Src/main.o
 .text.MX_USB_OTG_FS_PCD_Init
                0x0000000008000afc       0x5c ./Core/Src/main.o
 .text.MX_DMA_Init
                0x0000000008000b58       0x50 ./Core/Src/main.o
 .text.MX_GPIO_Init
                0x0000000008000ba8      0x180 ./Core/Src/main.o
 .text.Error_Handler
                0x0000000008000d28        0xa ./Core/Src/main.o
                0x0000000008000d28                Error_Handler
 *fill*         0x0000000008000d32        0x2 
 .text.HAL_MspInit
                0x0000000008000d34       0x50 ./Core/Src/stm32f4xx_hal_msp.o
                0x0000000008000d34                HAL_MspInit
 .text.HAL_ETH_MspInit
                0x0000000008000d84      0x18c ./Core/Src/stm32f4xx_hal_msp.o
                0x0000000008000d84                HAL_ETH_MspInit
 .text.HAL_TIM_Base_MspInit
                0x0000000008000f10       0x50 ./Core/Src/stm32f4xx_hal_msp.o
                0x0000000008000f10                HAL_TIM_Base_MspInit
 .text.HAL_UART_MspInit
                0x0000000008000f60      0x168 ./Core/Src/stm32f4xx_hal_msp.o
                0x0000000008000f60                HAL_UART_MspInit
 .text.HAL_PCD_MspInit
                0x00000000080010c8       0xb4 ./Core/Src/stm32f4xx_hal_msp.o
                0x00000000080010c8                HAL_PCD_MspInit
 .text.NMI_Handler
                0x000000000800117c        0xa ./Core/Src/stm32f4xx_it.o
                0x000000000800117c                NMI_Handler
 .text.HardFault_Handler
                0x0000000008001186        0x6 ./Core/Src/stm32f4xx_it.o
                0x0000000008001186                HardFault_Handler
 .text.MemManage_Handler
                0x000000000800118c        0x6 ./Core/Src/stm32f4xx_it.o
                0x000000000800118c                MemManage_Handler
 .text.BusFault_Handler
                0x0000000008001192        0x6 ./Core/Src/stm32f4xx_it.o
                0x0000000008001192                BusFault_Handler
 .text.UsageFault_Handler
                0x0000000008001198        0x6 ./Core/Src/stm32f4xx_it.o
                0x0000000008001198                UsageFault_Handler
 .text.SVC_Handler
                0x000000000800119e        0xe ./Core/Src/stm32f4xx_it.o
                0x000000000800119e                SVC_Handler
 .text.DebugMon_Handler
                0x00000000080011ac        0xe ./Core/Src/stm32f4xx_it.o
                0x00000000080011ac                DebugMon_Handler
 .text.PendSV_Handler
                0x00000000080011ba        0xe ./Core/Src/stm32f4xx_it.o
                0x00000000080011ba                PendSV_Handler
 .text.SysTick_Handler
                0x00000000080011c8        0xc ./Core/Src/stm32f4xx_it.o
                0x00000000080011c8                SysTick_Handler
 .text.DMA1_Stream5_IRQHandler
                0x00000000080011d4       0x14 ./Core/Src/stm32f4xx_it.o
                0x00000000080011d4                DMA1_Stream5_IRQHandler
 .text.DMA1_Stream6_IRQHandler
                0x00000000080011e8       0x14 ./Core/Src/stm32f4xx_it.o
                0x00000000080011e8                DMA1_Stream6_IRQHandler
 .text.TIM3_IRQHandler
                0x00000000080011fc       0x2c ./Core/Src/stm32f4xx_it.o
                0x00000000080011fc                TIM3_IRQHandler
 .text.USART2_IRQHandler
                0x0000000008001228       0x14 ./Core/Src/stm32f4xx_it.o
                0x0000000008001228                USART2_IRQHandler
 .text.SystemInit
                0x000000000800123c       0x24 ./Core/Src/system_stm32f4xx.o
                0x000000000800123c                SystemInit
 .text.Reset_Handler
                0x0000000008001260       0x50 ./Core/Startup/startup_stm32f429zitx.o
                0x0000000008001260                Reset_Handler
 .text.Default_Handler
                0x00000000080012b0        0x2 ./Core/Startup/startup_stm32f429zitx.o
                0x00000000080012b0                RTC_Alarm_IRQHandler
                0x00000000080012b0                HASH_RNG_IRQHandler
                0x00000000080012b0                EXTI2_IRQHandler
                0x00000000080012b0                TIM8_CC_IRQHandler
                0x00000000080012b0                UART8_IRQHandler
                0x00000000080012b0                SPI4_IRQHandler
                0x00000000080012b0                TIM1_CC_IRQHandler
                0x00000000080012b0                DMA2_Stream5_IRQHandler
                0x00000000080012b0                PVD_IRQHandler
                0x00000000080012b0                SDIO_IRQHandler
                0x00000000080012b0                TAMP_STAMP_IRQHandler
                0x00000000080012b0                CAN2_RX1_IRQHandler
                0x00000000080012b0                EXTI3_IRQHandler
                0x00000000080012b0                TIM8_TRG_COM_TIM14_IRQHandler
                0x00000000080012b0                TIM1_UP_TIM10_IRQHandler
                0x00000000080012b0                TIM8_UP_TIM13_IRQHandler
                0x00000000080012b0                I2C3_ER_IRQHandler
                0x00000000080012b0                EXTI0_IRQHandler
                0x00000000080012b0                I2C2_EV_IRQHandler
                0x00000000080012b0                DMA1_Stream2_IRQHandler
                0x00000000080012b0                CAN1_RX0_IRQHandler
                0x00000000080012b0                FPU_IRQHandler
                0x00000000080012b0                OTG_HS_WKUP_IRQHandler
                0x00000000080012b0                LTDC_ER_IRQHandler
                0x00000000080012b0                CAN2_SCE_IRQHandler
                0x00000000080012b0                DMA2_Stream2_IRQHandler
                0x00000000080012b0                SPI1_IRQHandler
                0x00000000080012b0                TIM6_DAC_IRQHandler
                0x00000000080012b0                TIM1_BRK_TIM9_IRQHandler
                0x00000000080012b0                DCMI_IRQHandler
                0x00000000080012b0                CAN2_RX0_IRQHandler
                0x00000000080012b0                DMA2_Stream3_IRQHandler
                0x00000000080012b0                USART6_IRQHandler
                0x00000000080012b0                USART3_IRQHandler
                0x00000000080012b0                CAN1_RX1_IRQHandler
                0x00000000080012b0                UART5_IRQHandler
                0x00000000080012b0                DMA2_Stream0_IRQHandler
                0x00000000080012b0                TIM4_IRQHandler
                0x00000000080012b0                I2C1_EV_IRQHandler
                0x00000000080012b0                DMA1_Stream1_IRQHandler
                0x00000000080012b0                UART4_IRQHandler
                0x00000000080012b0                RCC_IRQHandler
                0x00000000080012b0                TIM8_BRK_TIM12_IRQHandler
                0x00000000080012b0                Default_Handler
                0x00000000080012b0                EXTI15_10_IRQHandler
                0x00000000080012b0                ADC_IRQHandler
                0x00000000080012b0                DMA1_Stream7_IRQHandler
                0x00000000080012b0                SPI5_IRQHandler
                0x00000000080012b0                TIM7_IRQHandler
                0x00000000080012b0                CAN2_TX_IRQHandler
                0x00000000080012b0                TIM5_IRQHandler
                0x00000000080012b0                DMA2_Stream7_IRQHandler
                0x00000000080012b0                I2C3_EV_IRQHandler
                0x00000000080012b0                EXTI9_5_IRQHandler
                0x00000000080012b0                RTC_WKUP_IRQHandler
                0x00000000080012b0                LTDC_IRQHandler
                0x00000000080012b0                ETH_WKUP_IRQHandler
                0x00000000080012b0                SPI2_IRQHandler
                0x00000000080012b0                OTG_HS_EP1_IN_IRQHandler
                0x00000000080012b0                DMA1_Stream0_IRQHandler
                0x00000000080012b0                CAN1_TX_IRQHandler
                0x00000000080012b0                EXTI4_IRQHandler
                0x00000000080012b0                ETH_IRQHandler
                0x00000000080012b0                OTG_HS_EP1_OUT_IRQHandler
                0x00000000080012b0                WWDG_IRQHandler
                0x00000000080012b0                SPI6_IRQHandler
                0x00000000080012b0                TIM2_IRQHandler
                0x00000000080012b0                OTG_FS_WKUP_IRQHandler
                0x00000000080012b0                TIM1_TRG_COM_TIM11_IRQHandler
                0x00000000080012b0                OTG_HS_IRQHandler
                0x00000000080012b0                DMA2D_IRQHandler
                0x00000000080012b0                EXTI1_IRQHandler
                0x00000000080012b0                UART7_IRQHandler
                0x00000000080012b0                I2C2_ER_IRQHandler
                0x00000000080012b0                DMA2_Stream1_IRQHandler
                0x00000000080012b0                CAN1_SCE_IRQHandler
                0x00000000080012b0                FLASH_IRQHandler
                0x00000000080012b0                DMA2_Stream4_IRQHandler
                0x00000000080012b0                USART1_IRQHandler
                0x00000000080012b0                OTG_FS_IRQHandler
                0x00000000080012b0                SPI3_IRQHandler
                0x00000000080012b0                DMA1_Stream4_IRQHandler
                0x00000000080012b0                I2C1_ER_IRQHandler
                0x00000000080012b0                FMC_IRQHandler
                0x00000000080012b0                DMA2_Stream6_IRQHandler
                0x00000000080012b0                SAI1_IRQHandler
                0x00000000080012b0                DMA1_Stream3_IRQHandler
 *fill*         0x00000000080012b2        0x2 
 .text.HAL_Init
                0x00000000080012b4       0x44 ./Drivers/STM32F4xx_HAL_Driver/Src/stm32f4xx_hal.o
                0x00000000080012b4                HAL_Init
 .text.HAL_InitTick
                0x00000000080012f8       0x60 ./Drivers/STM32F4xx_HAL_Driver/Src/stm32f4xx_hal.o
                0x00000000080012f8                HAL_InitTick
 .text.HAL_IncTick
                0x0000000008001358       0x28 ./Drivers/STM32F4xx_HAL_Driver/Src/stm32f4xx_hal.o
                0x0000000008001358                HAL_IncTick
 .text.HAL_GetTick
                0x0000000008001380       0x18 ./Drivers/STM32F4xx_HAL_Driver/Src/stm32f4xx_hal.o
                0x0000000008001380                HAL_GetTick
 .text.HAL_Delay
                0x0000000008001398       0x48 ./Drivers/STM32F4xx_HAL_Driver/Src/stm32f4xx_hal.o
                0x0000000008001398                HAL_Delay
 .text.__NVIC_SetPriorityGrouping
                0x00000000080013e0       0x48 ./Drivers/STM32F4xx_HAL_Driver/Src/stm32f4xx_hal_cortex.o
 .text.__NVIC_GetPriorityGrouping
                0x0000000008001428       0x1c ./Drivers/STM32F4xx_HAL_Driver/Src/stm32f4xx_hal_cortex.o
 .text.__NVIC_EnableIRQ
                0x0000000008001444       0x3c ./Drivers/STM32F4xx_HAL_Driver/Src/stm32f4xx_hal_cortex.o
 .text.__NVIC_SetPriority
                0x0000000008001480       0x54 ./Drivers/STM32F4xx_HAL_Driver/Src/stm32f4xx_hal_cortex.o
 .text.NVIC_EncodePriority
                0x00000000080014d4       0x66 ./Drivers/STM32F4xx_HAL_Driver/Src/stm32f4xx_hal_cortex.o
 *fill*         0x000000000800153a        0x2 
 .text.SysTick_Config
                0x000000000800153c       0x44 ./Drivers/STM32F4xx_HAL_Driver/Src/stm32f4xx_hal_cortex.o
 .text.HAL_NVIC_SetPriorityGrouping
                0x0000000008001580       0x16 ./Drivers/STM32F4xx_HAL_Driver/Src/stm32f4xx_hal_cortex.o
                0x0000000008001580                HAL_NVIC_SetPriorityGrouping
 .text.HAL_NVIC_SetPriority
                0x0000000008001596       0x38 ./Drivers/STM32F4xx_HAL_Driver/Src/stm32f4xx_hal_cortex.o
                0x0000000008001596                HAL_NVIC_SetPriority
 .text.HAL_NVIC_EnableIRQ
                0x00000000080015ce       0x1c ./Drivers/STM32F4xx_HAL_Driver/Src/stm32f4xx_hal_cortex.o
                0x00000000080015ce                HAL_NVIC_EnableIRQ
 .text.HAL_SYSTICK_Config
                0x00000000080015ea       0x18 ./Drivers/STM32F4xx_HAL_Driver/Src/stm32f4xx_hal_cortex.o
                0x00000000080015ea                HAL_SYSTICK_Config
 *fill*         0x0000000008001602        0x2 
 .text.HAL_DMA_Init
                0x0000000008001604      0x15c ./Drivers/STM32F4xx_HAL_Driver/Src/stm32f4xx_hal_dma.o
                0x0000000008001604                HAL_DMA_Init
 .text.HAL_DMA_Start_IT
                0x0000000008001760       0xb0 ./Drivers/STM32F4xx_HAL_Driver/Src/stm32f4xx_hal_dma.o
                0x0000000008001760                HAL_DMA_Start_IT
 .text.HAL_DMA_Abort
                0x0000000008001810       0xe0 ./Drivers/STM32F4xx_HAL_Driver/Src/stm32f4xx_hal_dma.o
                0x0000000008001810                HAL_DMA_Abort
 .text.HAL_DMA_Abort_IT
                0x00000000080018f0       0x44 ./Drivers/STM32F4xx_HAL_Driver/Src/stm32f4xx_hal_dma.o
                0x00000000080018f0                HAL_DMA_Abort_IT
 .text.HAL_DMA_IRQHandler
                0x0000000008001934      0x314 ./Drivers/STM32F4xx_HAL_Driver/Src/stm32f4xx_hal_dma.o
                0x0000000008001934                HAL_DMA_IRQHandler
 .text.DMA_SetConfig
                0x0000000008001c48       0x5c ./Drivers/STM32F4xx_HAL_Driver/Src/stm32f4xx_hal_dma.o
 .text.DMA_CalcBaseAndBitshift
                0x0000000008001ca4       0x6c ./Drivers/STM32F4xx_HAL_Driver/Src/stm32f4xx_hal_dma.o
 .text.DMA_CheckFifoParam
                0x0000000008001d10       0xf8 ./Drivers/STM32F4xx_HAL_Driver/Src/stm32f4xx_hal_dma.o
 .text.HAL_ETH_Init
                0x0000000008001e08       0xfc ./Drivers/STM32F4xx_HAL_Driver/Src/stm32f4xx_hal_eth.o
                0x0000000008001e08                HAL_ETH_Init
 .text.ETH_SetMACConfig
                0x0000000008001f04      0x138 ./Drivers/STM32F4xx_HAL_Driver/Src/stm32f4xx_hal_eth.o
 .text.ETH_SetDMAConfig
                0x000000000800203c      0x114 ./Drivers/STM32F4xx_HAL_Driver/Src/stm32f4xx_hal_eth.o
 .text.ETH_MACDMAConfig
                0x0000000008002150       0xe4 ./Drivers/STM32F4xx_HAL_Driver/Src/stm32f4xx_hal_eth.o
 .text.ETH_MACAddressConfig
                0x0000000008002234       0x70 ./Drivers/STM32F4xx_HAL_Driver/Src/stm32f4xx_hal_eth.o
 .text.ETH_DMATxDescListInit
                0x00000000080022a4       0xb2 ./Drivers/STM32F4xx_HAL_Driver/Src/stm32f4xx_hal_eth.o
 .text.ETH_DMARxDescListInit
                0x0000000008002356       0xda ./Drivers/STM32F4xx_HAL_Driver/Src/stm32f4xx_hal_eth.o
 .text.HAL_GPIO_Init
                0x0000000008002430      0x358 ./Drivers/STM32F4xx_HAL_Driver/Src/stm32f4xx_hal_gpio.o
                0x0000000008002430                HAL_GPIO_Init
 .text.HAL_GPIO_WritePin
                0x0000000008002788       0x32 ./Drivers/STM32F4xx_HAL_Driver/Src/stm32f4xx_hal_gpio.o
                0x0000000008002788                HAL_GPIO_WritePin
 .text.HAL_GPIO_TogglePin
                0x00000000080027ba       0x34 ./Drivers/STM32F4xx_HAL_Driver/Src/stm32f4xx_hal_gpio.o
                0x00000000080027ba                HAL_GPIO_TogglePin
 .text.HAL_PCD_Init
                0x00000000080027ee      0x23a ./Drivers/STM32F4xx_HAL_Driver/Src/stm32f4xx_hal_pcd.o
                0x00000000080027ee                HAL_PCD_Init
 .text.HAL_RCC_OscConfig
                0x0000000008002a28      0x4f0 ./Drivers/STM32F4xx_HAL_Driver/Src/stm32f4xx_hal_rcc.o
                0x0000000008002a28                HAL_RCC_OscConfig
 .text.HAL_RCC_ClockConfig
                0x0000000008002f18      0x1cc ./Drivers/STM32F4xx_HAL_Driver/Src/stm32f4xx_hal_rcc.o
                0x0000000008002f18                HAL_RCC_ClockConfig
 .text.HAL_RCC_EnableCSS
                0x00000000080030e4       0x18 ./Drivers/STM32F4xx_HAL_Driver/Src/stm32f4xx_hal_rcc.o
                0x00000000080030e4                HAL_RCC_EnableCSS
 .text.HAL_RCC_GetSysClockFreq
                0x00000000080030fc      0x20c ./Drivers/STM32F4xx_HAL_Driver/Src/stm32f4xx_hal_rcc.o
                0x00000000080030fc                HAL_RCC_GetSysClockFreq
 .text.HAL_RCC_GetHCLKFreq
                0x0000000008003308       0x18 ./Drivers/STM32F4xx_HAL_Driver/Src/stm32f4xx_hal_rcc.o
                0x0000000008003308                HAL_RCC_GetHCLKFreq
 .text.HAL_RCC_GetPCLK1Freq
                0x0000000008003320       0x28 ./Drivers/STM32F4xx_HAL_Driver/Src/stm32f4xx_hal_rcc.o
                0x0000000008003320                HAL_RCC_GetPCLK1Freq
 .text.HAL_RCC_GetPCLK2Freq
                0x0000000008003348       0x28 ./Drivers/STM32F4xx_HAL_Driver/Src/stm32f4xx_hal_rcc.o
                0x0000000008003348                HAL_RCC_GetPCLK2Freq
 .text.HAL_RCC_NMI_IRQHandler
                0x0000000008003370       0x28 ./Drivers/STM32F4xx_HAL_Driver/Src/stm32f4xx_hal_rcc.o
                0x0000000008003370                HAL_RCC_NMI_IRQHandler
 .text.HAL_RCC_CSSCallback
                0x0000000008003398        0xe ./Drivers/STM32F4xx_HAL_Driver/Src/stm32f4xx_hal_rcc.o
                0x0000000008003398                HAL_RCC_CSSCallback
 *fill*         0x00000000080033a6        0x2 
 .text.HAL_RCCEx_PeriphCLKConfig
                0x00000000080033a8      0x380 ./Drivers/STM32F4xx_HAL_Driver/Src/stm32f4xx_hal_rcc_ex.o
                0x00000000080033a8                HAL_RCCEx_PeriphCLKConfig
 .text.HAL_TIM_Base_Init
                0x0000000008003728       0x9e ./Drivers/STM32F4xx_HAL_Driver/Src/stm32f4xx_hal_tim.o
                0x0000000008003728                HAL_TIM_Base_Init
 *fill*         0x00000000080037c6        0x2 
 .text.HAL_TIM_Base_Start_IT
                0x00000000080037c8       0xe0 ./Drivers/STM32F4xx_HAL_Driver/Src/stm32f4xx_hal_tim.o
                0x00000000080037c8                HAL_TIM_Base_Start_IT
 .text.HAL_TIM_IRQHandler
                0x00000000080038a8      0x210 ./Drivers/STM32F4xx_HAL_Driver/Src/stm32f4xx_hal_tim.o
                0x00000000080038a8                HAL_TIM_IRQHandler
 .text.HAL_TIM_ConfigClockSource
                0x0000000008003ab8      0x18e ./Drivers/STM32F4xx_HAL_Driver/Src/stm32f4xx_hal_tim.o
                0x0000000008003ab8                HAL_TIM_ConfigClockSource
 .text.HAL_TIM_PeriodElapsedCallback
                0x0000000008003c46       0x14 ./Drivers/STM32F4xx_HAL_Driver/Src/stm32f4xx_hal_tim.o
                0x0000000008003c46                HAL_TIM_PeriodElapsedCallback
 .text.HAL_TIM_OC_DelayElapsedCallback
                0x0000000008003c5a       0x14 ./Drivers/STM32F4xx_HAL_Driver/Src/stm32f4xx_hal_tim.o
                0x0000000008003c5a                HAL_TIM_OC_DelayElapsedCallback
 .text.HAL_TIM_IC_CaptureCallback
                0x0000000008003c6e       0x14 ./Drivers/STM32F4xx_HAL_Driver/Src/stm32f4xx_hal_tim.o
                0x0000000008003c6e                HAL_TIM_IC_CaptureCallback
 .text.HAL_TIM_PWM_PulseFinishedCallback
                0x0000000008003c82       0x14 ./Drivers/STM32F4xx_HAL_Driver/Src/stm32f4xx_hal_tim.o
                0x0000000008003c82                HAL_TIM_PWM_PulseFinishedCallback
 .text.HAL_TIM_TriggerCallback
                0x0000000008003c96       0x14 ./Drivers/STM32F4xx_HAL_Driver/Src/stm32f4xx_hal_tim.o
                0x0000000008003c96                HAL_TIM_TriggerCallback
 *fill*         0x0000000008003caa        0x2 
 .text.TIM_Base_SetConfig
                0x0000000008003cac      0x140 ./Drivers/STM32F4xx_HAL_Driver/Src/stm32f4xx_hal_tim.o
                0x0000000008003cac                TIM_Base_SetConfig
 .text.TIM_TI1_ConfigInputStage
                0x0000000008003dec       0x5e ./Drivers/STM32F4xx_HAL_Driver/Src/stm32f4xx_hal_tim.o
 .text.TIM_TI2_ConfigInputStage
                0x0000000008003e4a       0x60 ./Drivers/STM32F4xx_HAL_Driver/Src/stm32f4xx_hal_tim.o
 .text.TIM_ITRx_SetConfig
                0x0000000008003eaa       0x36 ./Drivers/STM32F4xx_HAL_Driver/Src/stm32f4xx_hal_tim.o
 .text.TIM_ETR_SetConfig
                0x0000000008003ee0       0x40 ./Drivers/STM32F4xx_HAL_Driver/Src/stm32f4xx_hal_tim.o
                0x0000000008003ee0                TIM_ETR_SetConfig
 .text.HAL_TIMEx_MasterConfigSynchronization
                0x0000000008003f20       0xf8 ./Drivers/STM32F4xx_HAL_Driver/Src/stm32f4xx_hal_tim_ex.o
                0x0000000008003f20                HAL_TIMEx_MasterConfigSynchronization
 .text.HAL_TIMEx_CommutCallback
                0x0000000008004018       0x14 ./Drivers/STM32F4xx_HAL_Driver/Src/stm32f4xx_hal_tim_ex.o
                0x0000000008004018                HAL_TIMEx_CommutCallback
 .text.HAL_TIMEx_BreakCallback
                0x000000000800402c       0x14 ./Drivers/STM32F4xx_HAL_Driver/Src/stm32f4xx_hal_tim_ex.o
                0x000000000800402c                HAL_TIMEx_BreakCallback
 .text.HAL_UART_Init
                0x0000000008004040       0x9a ./Drivers/STM32F4xx_HAL_Driver/Src/stm32f4xx_hal_uart.o
                0x0000000008004040                HAL_UART_Init
 *fill*         0x00000000080040da        0x2 
 .text.HAL_UART_Transmit_DMA
                0x00000000080040dc       0xfc ./Drivers/STM32F4xx_HAL_Driver/Src/stm32f4xx_hal_uart.o
                0x00000000080040dc                HAL_UART_Transmit_DMA
 .text.HAL_UART_IRQHandler
                0x00000000080041d8      0x51c ./Drivers/STM32F4xx_HAL_Driver/Src/stm32f4xx_hal_uart.o
                0x00000000080041d8                HAL_UART_IRQHandler
 .text.HAL_UART_TxHalfCpltCallback
                0x00000000080046f4       0x14 ./Drivers/STM32F4xx_HAL_Driver/Src/stm32f4xx_hal_uart.o
                0x00000000080046f4                HAL_UART_TxHalfCpltCallback
 .text.HAL_UART_ErrorCallback
                0x0000000008004708       0x14 ./Drivers/STM32F4xx_HAL_Driver/Src/stm32f4xx_hal_uart.o
                0x0000000008004708                HAL_UART_ErrorCallback
 .text.HAL_UARTEx_RxEventCallback
                0x000000000800471c       0x18 ./Drivers/STM32F4xx_HAL_Driver/Src/stm32f4xx_hal_uart.o
                0x000000000800471c                HAL_UARTEx_RxEventCallback
 .text.UART_DMATransmitCplt
                0x0000000008004734       0x9a ./Drivers/STM32F4xx_HAL_Driver/Src/stm32f4xx_hal_uart.o
 .text.UART_DMATxHalfCplt
                0x00000000080047ce       0x1c ./Drivers/STM32F4xx_HAL_Driver/Src/stm32f4xx_hal_uart.o
 .text.UART_DMAError
                0x00000000080047ea       0x94 ./Drivers/STM32F4xx_HAL_Driver/Src/stm32f4xx_hal_uart.o
 .text.UART_EndTxTransfer
                0x000000000800487e       0x50 ./Drivers/STM32F4xx_HAL_Driver/Src/stm32f4xx_hal_uart.o
 .text.UART_EndRxTransfer
                0x00000000080048ce       0xc6 ./Drivers/STM32F4xx_HAL_Driver/Src/stm32f4xx_hal_uart.o
 .text.UART_DMAAbortOnError
                0x0000000008004994       0x28 ./Drivers/STM32F4xx_HAL_Driver/Src/stm32f4xx_hal_uart.o
 .text.UART_Transmit_IT
                0x00000000080049bc       0xa0 ./Drivers/STM32F4xx_HAL_Driver/Src/stm32f4xx_hal_uart.o
 .text.UART_EndTransmit_IT
                0x0000000008004a5c       0x30 ./Drivers/STM32F4xx_HAL_Driver/Src/stm32f4xx_hal_uart.o
 .text.UART_Receive_IT
                0x0000000008004a8c      0x176 ./Drivers/STM32F4xx_HAL_Driver/Src/stm32f4xx_hal_uart.o
 *fill*         0x0000000008004c02        0x2 
 .text.UART_SetConfig
                0x0000000008004c04      0x4e8 ./Drivers/STM32F4xx_HAL_Driver/Src/stm32f4xx_hal_uart.o
 .text.USB_CoreInit
                0x00000000080050ec       0xc2 ./Drivers/STM32F4xx_HAL_Driver/Src/stm32f4xx_ll_usb.o
                0x00000000080050ec                USB_CoreInit
 .text.USB_DisableGlobalInt
                0x00000000080051ae       0x22 ./Drivers/STM32F4xx_HAL_Driver/Src/stm32f4xx_ll_usb.o
                0x00000000080051ae                USB_DisableGlobalInt
 .text.USB_SetCurrentMode
                0x00000000080051d0       0x98 ./Drivers/STM32F4xx_HAL_Driver/Src/stm32f4xx_ll_usb.o
                0x00000000080051d0                USB_SetCurrentMode
 .text.USB_DevInit
                0x0000000008005268      0x2c8 ./Drivers/STM32F4xx_HAL_Driver/Src/stm32f4xx_ll_usb.o
                0x0000000008005268                USB_DevInit
 .text.USB_FlushTxFifo
                0x0000000008005530       0x68 ./Drivers/STM32F4xx_HAL_Driver/Src/stm32f4xx_ll_usb.o
                0x0000000008005530                USB_FlushTxFifo
 .text.USB_FlushRxFifo
                0x0000000008005598       0x60 ./Drivers/STM32F4xx_HAL_Driver/Src/stm32f4xx_ll_usb.o
                0x0000000008005598                USB_FlushRxFifo
 .text.USB_SetDevSpeed
                0x00000000080055f8       0x32 ./Drivers/STM32F4xx_HAL_Driver/Src/stm32f4xx_ll_usb.o
                0x00000000080055f8                USB_SetDevSpeed
 .text.USB_DevDisconnect
                0x000000000800562a       0x42 ./Drivers/STM32F4xx_HAL_Driver/Src/stm32f4xx_ll_usb.o
                0x000000000800562a                USB_DevDisconnect
 .text.USB_GetMode
                0x000000000800566c       0x1c ./Drivers/STM32F4xx_HAL_Driver/Src/stm32f4xx_ll_usb.o
                0x000000000800566c                USB_GetMode
 .text.USB_CoreReset
                0x0000000008005688       0x68 ./Drivers/STM32F4xx_HAL_Driver/Src/stm32f4xx_ll_usb.o
 .text.__libc_init_array
                0x00000000080056f0       0x48 c:/st/stm32cubeide_1.9.0/stm32cubeide/plugins/com.st.stm32cube.ide.mcu.externaltools.gnu-tools-for-stm32.10.3-2021.10.win32_1.0.0.202111181127/tools/bin/../lib/gcc/arm-none-eabi/10.3.1/../../../../arm-none-eabi/lib/thumb/v7e-m+fp/hard\libc_nano.a(lib_a-init.o)
                0x00000000080056f0                __libc_init_array
 .text.memset   0x0000000008005738       0x10 c:/st/stm32cubeide_1.9.0/stm32cubeide/plugins/com.st.stm32cube.ide.mcu.externaltools.gnu-tools-for-stm32.10.3-2021.10.win32_1.0.0.202111181127/tools/bin/../lib/gcc/arm-none-eabi/10.3.1/../../../../arm-none-eabi/lib/thumb/v7e-m+fp/hard\libc_nano.a(lib_a-memset.o)
                0x0000000008005738                memset
 *(.glue_7)
 .glue_7        0x0000000008005748        0x0 linker stubs
 *(.glue_7t)
 .glue_7t       0x0000000008005748        0x0 linker stubs
 *(.eh_frame)
 .eh_frame      0x0000000008005748        0x0 c:/st/stm32cubeide_1.9.0/stm32cubeide/plugins/com.st.stm32cube.ide.mcu.externaltools.gnu-tools-for-stm32.10.3-2021.10.win32_1.0.0.202111181127/tools/bin/../lib/gcc/arm-none-eabi/10.3.1/thumb/v7e-m+fp/hard/crtbegin.o
 *(.init)
 .init          0x0000000008005748        0x4 c:/st/stm32cubeide_1.9.0/stm32cubeide/plugins/com.st.stm32cube.ide.mcu.externaltools.gnu-tools-for-stm32.10.3-2021.10.win32_1.0.0.202111181127/tools/bin/../lib/gcc/arm-none-eabi/10.3.1/thumb/v7e-m+fp/hard/crti.o
                0x0000000008005748                _init
 .init          0x000000000800574c        0x8 c:/st/stm32cubeide_1.9.0/stm32cubeide/plugins/com.st.stm32cube.ide.mcu.externaltools.gnu-tools-for-stm32.10.3-2021.10.win32_1.0.0.202111181127/tools/bin/../lib/gcc/arm-none-eabi/10.3.1/thumb/v7e-m+fp/hard/crtn.o
 *(.fini)
 .fini          0x0000000008005754        0x4 c:/st/stm32cubeide_1.9.0/stm32cubeide/plugins/com.st.stm32cube.ide.mcu.externaltools.gnu-tools-for-stm32.10.3-2021.10.win32_1.0.0.202111181127/tools/bin/../lib/gcc/arm-none-eabi/10.3.1/thumb/v7e-m+fp/hard/crti.o
                0x0000000008005754                _fini
 .fini          0x0000000008005758        0x8 c:/st/stm32cubeide_1.9.0/stm32cubeide/plugins/com.st.stm32cube.ide.mcu.externaltools.gnu-tools-for-stm32.10.3-2021.10.win32_1.0.0.202111181127/tools/bin/../lib/gcc/arm-none-eabi/10.3.1/thumb/v7e-m+fp/hard/crtn.o
                0x0000000008005760                . = ALIGN (0x4)
                0x0000000008005760                _etext = .

.vfp11_veneer   0x0000000008005760        0x0
 .vfp11_veneer  0x0000000008005760        0x0 linker stubs

.v4_bx          0x0000000008005760        0x0
 .v4_bx         0x0000000008005760        0x0 linker stubs

.iplt           0x0000000008005760        0x0
 .iplt          0x0000000008005760        0x0 c:/st/stm32cubeide_1.9.0/stm32cubeide/plugins/com.st.stm32cube.ide.mcu.externaltools.gnu-tools-for-stm32.10.3-2021.10.win32_1.0.0.202111181127/tools/bin/../lib/gcc/arm-none-eabi/10.3.1/thumb/v7e-m+fp/hard/crtbegin.o

.rodata         0x0000000008005760       0x20
                0x0000000008005760                . = ALIGN (0x4)
 *(.rodata)
 *(.rodata*)
 .rodata.AHBPrescTable
                0x0000000008005760       0x10 ./Core/Src/system_stm32f4xx.o
                0x0000000008005760                AHBPrescTable
 .rodata.APBPrescTable
                0x0000000008005770        0x8 ./Core/Src/system_stm32f4xx.o
                0x0000000008005770                APBPrescTable
 .rodata.flagBitshiftOffset.0
                0x0000000008005778        0x8 ./Drivers/STM32F4xx_HAL_Driver/Src/stm32f4xx_hal_dma.o
                0x0000000008005780                . = ALIGN (0x4)

.ARM.extab      0x0000000008005780        0x0
                0x0000000008005780                . = ALIGN (0x4)
 *(.ARM.extab* .gnu.linkonce.armextab.*)
                0x0000000008005780                . = ALIGN (0x4)

.ARM            0x0000000008005780        0x8
                0x0000000008005780                . = ALIGN (0x4)
                0x0000000008005780                __exidx_start = .
 *(.ARM.exidx*)
 .ARM.exidx     0x0000000008005780        0x8 c:/st/stm32cubeide_1.9.0/stm32cubeide/plugins/com.st.stm32cube.ide.mcu.externaltools.gnu-tools-for-stm32.10.3-2021.10.win32_1.0.0.202111181127/tools/bin/../lib/gcc/arm-none-eabi/10.3.1/thumb/v7e-m+fp/hard\libgcc.a(_udivmoddi4.o)
                0x0000000008005788                __exidx_end = .
                0x0000000008005788                . = ALIGN (0x4)

.rel.dyn        0x0000000008005788        0x0
 .rel.iplt      0x0000000008005788        0x0 c:/st/stm32cubeide_1.9.0/stm32cubeide/plugins/com.st.stm32cube.ide.mcu.externaltools.gnu-tools-for-stm32.10.3-2021.10.win32_1.0.0.202111181127/tools/bin/../lib/gcc/arm-none-eabi/10.3.1/thumb/v7e-m+fp/hard/crtbegin.o

.preinit_array  0x0000000008005788        0x0
                0x0000000008005788                . = ALIGN (0x4)
                0x0000000008005788                PROVIDE (__preinit_array_start = .)
 *(.preinit_array*)
                0x0000000008005788                PROVIDE (__preinit_array_end = .)
                0x0000000008005788                . = ALIGN (0x4)

.init_array     0x0000000008005788        0x4
                0x0000000008005788                . = ALIGN (0x4)
                0x0000000008005788                PROVIDE (__init_array_start = .)
 *(SORT_BY_NAME(.init_array.*))
 *(.init_array*)
 .init_array    0x0000000008005788        0x4 c:/st/stm32cubeide_1.9.0/stm32cubeide/plugins/com.st.stm32cube.ide.mcu.externaltools.gnu-tools-for-stm32.10.3-2021.10.win32_1.0.0.202111181127/tools/bin/../lib/gcc/arm-none-eabi/10.3.1/thumb/v7e-m+fp/hard/crtbegin.o
                0x000000000800578c                PROVIDE (__init_array_end = .)
                0x000000000800578c                . = ALIGN (0x4)

.fini_array     0x000000000800578c        0x4
                0x000000000800578c                . = ALIGN (0x4)
                [!provide]                        PROVIDE (__fini_array_start = .)
 *(SORT_BY_NAME(.fini_array.*))
 *(.fini_array*)
 .fini_array    0x000000000800578c        0x4 c:/st/stm32cubeide_1.9.0/stm32cubeide/plugins/com.st.stm32cube.ide.mcu.externaltools.gnu-tools-for-stm32.10.3-2021.10.win32_1.0.0.202111181127/tools/bin/../lib/gcc/arm-none-eabi/10.3.1/thumb/v7e-m+fp/hard/crtbegin.o
                [!provide]                        PROVIDE (__fini_array_end = .)
                0x0000000008005790                . = ALIGN (0x4)
                0x0000000008005790                _sidata = LOADADDR (.data)

.data           0x0000000020000000      0x12c load address 0x0000000008005790
                0x0000000020000000                . = ALIGN (0x4)
                0x0000000020000000                _sdata = .
 *(.data)
 *(.data*)
 .data.data1    0x0000000020000000       0x20 ./Core/Src/main.o
                0x0000000020000000                data1
 .data.data2    0x0000000020000020       0x20 ./Core/Src/main.o
                0x0000000020000020                data2
 .data.data3    0x0000000020000040       0x20 ./Core/Src/main.o
                0x0000000020000040                data3
 .data.data4    0x0000000020000060       0x20 ./Core/Src/main.o
                0x0000000020000060                data4
 .data.data5    0x0000000020000080       0x20 ./Core/Src/main.o
                0x0000000020000080                data5
 .data.data6    0x00000000200000a0       0x20 ./Core/Src/main.o
                0x00000000200000a0                data6
 .data.data7    0x00000000200000c0       0x20 ./Core/Src/main.o
                0x00000000200000c0                data7
 .data.data8    0x00000000200000e0       0x20 ./Core/Src/main.o
                0x00000000200000e0                data8
 .data.data9    0x0000000020000100       0x20 ./Core/Src/main.o
                0x0000000020000100                data9
 .data.SystemCoreClock
                0x0000000020000120        0x4 ./Core/Src/system_stm32f4xx.o
                0x0000000020000120                SystemCoreClock
 .data.uwTickPrio
                0x0000000020000124        0x4 ./Drivers/STM32F4xx_HAL_Driver/Src/stm32f4xx_hal.o
                0x0000000020000124                uwTickPrio
 .data.uwTickFreq
                0x0000000020000128        0x1 ./Drivers/STM32F4xx_HAL_Driver/Src/stm32f4xx_hal.o
                0x0000000020000128                uwTickFreq
 *(.RamFunc)
 *(.RamFunc*)
                0x000000002000012c                . = ALIGN (0x4)
 *fill*         0x0000000020000129        0x3 
                0x000000002000012c                _edata = .
                0x00000000080058bc                _siccmram = LOADADDR (.ccmram)

.igot.plt       0x000000002000012c        0x0 load address 0x00000000080058bc
 .igot.plt      0x000000002000012c        0x0 c:/st/stm32cubeide_1.9.0/stm32cubeide/plugins/com.st.stm32cube.ide.mcu.externaltools.gnu-tools-for-stm32.10.3-2021.10.win32_1.0.0.202111181127/tools/bin/../lib/gcc/arm-none-eabi/10.3.1/thumb/v7e-m+fp/hard/crtbegin.o

.ccmram         0x0000000010000000        0x0 load address 0x00000000080058bc
                0x0000000010000000                . = ALIGN (0x4)
                0x0000000010000000                _sccmram = .
 *(.ccmram)
 *(.ccmram*)
                0x0000000010000000                . = ALIGN (0x4)
                0x0000000010000000                _eccmram = .
                0x0000000010000000                . = ALIGN (0x4)

.bss            0x000000002000012c      0xa18
                0x000000002000012c                _sbss = .
                0x000000002000012c                __bss_start__ = _sbss
 *(.bss)
 .bss           0x000000002000012c       0x1c c:/st/stm32cubeide_1.9.0/stm32cubeide/plugins/com.st.stm32cube.ide.mcu.externaltools.gnu-tools-for-stm32.10.3-2021.10.win32_1.0.0.202111181127/tools/bin/../lib/gcc/arm-none-eabi/10.3.1/thumb/v7e-m+fp/hard/crtbegin.o
 *(.bss*)
 .bss.DMA_WRITE_BUF
                0x0000000020000148       0x20 ./Core/Src/fifo.o
                0x0000000020000148                DMA_WRITE_BUF
 .bss.fifoInit  0x0000000020000168        0x2 ./Core/Src/fifo.o
                0x0000000020000168                fifoInit
 *fill*         0x000000002000016a        0x2 
 .bss.fifo      0x000000002000016c      0x14a ./Core/Src/fifo.o
                0x000000002000016c                fifo
 *fill*         0x00000000200002b6        0x2 
 .bss.TxConfig  0x00000000200002b8       0x38 ./Core/Src/main.o
                0x00000000200002b8                TxConfig
 .bss.DMARxDscrTab
                0x00000000200002f0       0xa0 ./Core/Src/main.o
                0x00000000200002f0                DMARxDscrTab
 .bss.DMATxDscrTab
                0x0000000020000390       0xa0 ./Core/Src/main.o
                0x0000000020000390                DMATxDscrTab
 .bss.heth      0x0000000020000430       0xb0 ./Core/Src/main.o
                0x0000000020000430                heth
 .bss.htim3     0x00000000200004e0       0x48 ./Core/Src/main.o
                0x00000000200004e0                htim3
 .bss.huart2    0x0000000020000528       0x44 ./Core/Src/main.o
                0x0000000020000528                huart2
 .bss.hdma_usart2_tx
                0x000000002000056c       0x60 ./Core/Src/main.o
                0x000000002000056c                hdma_usart2_tx
 .bss.hdma_usart2_rx
                0x00000000200005cc       0x60 ./Core/Src/main.o
                0x00000000200005cc                hdma_usart2_rx
 .bss.hpcd_USB_OTG_FS
                0x000000002000062c      0x50c ./Core/Src/main.o
                0x000000002000062c                hpcd_USB_OTG_FS
 .bss.MACAddr.0
                0x0000000020000b38        0x6 ./Core/Src/main.o
 *fill*         0x0000000020000b3e        0x2 
 .bss.uwTick    0x0000000020000b40        0x4 ./Drivers/STM32F4xx_HAL_Driver/Src/stm32f4xx_hal.o
                0x0000000020000b40                uwTick
 *(COMMON)
                0x0000000020000b44                . = ALIGN (0x4)
                0x0000000020000b44                _ebss = .
                0x0000000020000b44                __bss_end__ = _ebss

._user_heap_stack
                0x0000000020000b44      0x604
                0x0000000020000b48                . = ALIGN (0x8)
 *fill*         0x0000000020000b44        0x4 
                [!provide]                        PROVIDE (end = .)
                [!provide]                        PROVIDE (_end = .)
                0x0000000020000d48                . = (. + _Min_Heap_Size)
 *fill*         0x0000000020000b48      0x200 
                0x0000000020001148                . = (. + _Min_Stack_Size)
 *fill*         0x0000000020000d48      0x400 
                0x0000000020001148                . = ALIGN (0x8)

/DISCARD/
 libc.a(*)
 libm.a(*)
 libgcc.a(*)

.ARM.attributes
                0x0000000000000000       0x30
 *(.ARM.attributes)
 .ARM.attributes
                0x0000000000000000       0x1e c:/st/stm32cubeide_1.9.0/stm32cubeide/plugins/com.st.stm32cube.ide.mcu.externaltools.gnu-tools-for-stm32.10.3-2021.10.win32_1.0.0.202111181127/tools/bin/../lib/gcc/arm-none-eabi/10.3.1/thumb/v7e-m+fp/hard/crti.o
 .ARM.attributes
                0x000000000000001e       0x34 c:/st/stm32cubeide_1.9.0/stm32cubeide/plugins/com.st.stm32cube.ide.mcu.externaltools.gnu-tools-for-stm32.10.3-2021.10.win32_1.0.0.202111181127/tools/bin/../lib/gcc/arm-none-eabi/10.3.1/thumb/v7e-m+fp/hard/crtbegin.o
 .ARM.attributes
                0x0000000000000052       0x34 ./Core/Src/fifo.o
 .ARM.attributes
                0x0000000000000086       0x34 ./Core/Src/main.o
 .ARM.attributes
                0x00000000000000ba       0x34 ./Core/Src/stm32f4xx_hal_msp.o
 .ARM.attributes
                0x00000000000000ee       0x34 ./Core/Src/stm32f4xx_it.o
 .ARM.attributes
                0x0000000000000122       0x34 ./Core/Src/system_stm32f4xx.o
 .ARM.attributes
                0x0000000000000156       0x21 ./Core/Startup/startup_stm32f429zitx.o
 .ARM.attributes
                0x0000000000000177       0x34 ./Drivers/STM32F4xx_HAL_Driver/Src/stm32f4xx_hal.o
 .ARM.attributes
                0x00000000000001ab       0x34 ./Drivers/STM32F4xx_HAL_Driver/Src/stm32f4xx_hal_cortex.o
 .ARM.attributes
                0x00000000000001df       0x34 ./Drivers/STM32F4xx_HAL_Driver/Src/stm32f4xx_hal_dma.o
 .ARM.attributes
                0x0000000000000213       0x34 ./Drivers/STM32F4xx_HAL_Driver/Src/stm32f4xx_hal_eth.o
 .ARM.attributes
                0x0000000000000247       0x34 ./Drivers/STM32F4xx_HAL_Driver/Src/stm32f4xx_hal_gpio.o
 .ARM.attributes
                0x000000000000027b       0x34 ./Drivers/STM32F4xx_HAL_Driver/Src/stm32f4xx_hal_pcd.o
 .ARM.attributes
                0x00000000000002af       0x34 ./Drivers/STM32F4xx_HAL_Driver/Src/stm32f4xx_hal_rcc.o
 .ARM.attributes
                0x00000000000002e3       0x34 ./Drivers/STM32F4xx_HAL_Driver/Src/stm32f4xx_hal_rcc_ex.o
 .ARM.attributes
                0x0000000000000317       0x34 ./Drivers/STM32F4xx_HAL_Driver/Src/stm32f4xx_hal_tim.o
 .ARM.attributes
                0x000000000000034b       0x34 ./Drivers/STM32F4xx_HAL_Driver/Src/stm32f4xx_hal_tim_ex.o
 .ARM.attributes
                0x000000000000037f       0x34 ./Drivers/STM32F4xx_HAL_Driver/Src/stm32f4xx_hal_uart.o
 .ARM.attributes
                0x00000000000003b3       0x34 ./Drivers/STM32F4xx_HAL_Driver/Src/stm32f4xx_ll_usb.o
 .ARM.attributes
                0x00000000000003e7       0x34 c:/st/stm32cubeide_1.9.0/stm32cubeide/plugins/com.st.stm32cube.ide.mcu.externaltools.gnu-tools-for-stm32.10.3-2021.10.win32_1.0.0.202111181127/tools/bin/../lib/gcc/arm-none-eabi/10.3.1/../../../../arm-none-eabi/lib/thumb/v7e-m+fp/hard\libc_nano.a(lib_a-init.o)
 .ARM.attributes
                0x000000000000041b       0x34 c:/st/stm32cubeide_1.9.0/stm32cubeide/plugins/com.st.stm32cube.ide.mcu.externaltools.gnu-tools-for-stm32.10.3-2021.10.win32_1.0.0.202111181127/tools/bin/../lib/gcc/arm-none-eabi/10.3.1/../../../../arm-none-eabi/lib/thumb/v7e-m+fp/hard\libc_nano.a(lib_a-memset.o)
 .ARM.attributes
                0x000000000000044f       0x1e c:/st/stm32cubeide_1.9.0/stm32cubeide/plugins/com.st.stm32cube.ide.mcu.externaltools.gnu-tools-for-stm32.10.3-2021.10.win32_1.0.0.202111181127/tools/bin/../lib/gcc/arm-none-eabi/10.3.1/thumb/v7e-m+fp/hard\libgcc.a(_aeabi_uldivmod.o)
 .ARM.attributes
                0x000000000000046d       0x34 c:/st/stm32cubeide_1.9.0/stm32cubeide/plugins/com.st.stm32cube.ide.mcu.externaltools.gnu-tools-for-stm32.10.3-2021.10.win32_1.0.0.202111181127/tools/bin/../lib/gcc/arm-none-eabi/10.3.1/thumb/v7e-m+fp/hard\libgcc.a(_udivmoddi4.o)
 .ARM.attributes
                0x00000000000004a1       0x1e c:/st/stm32cubeide_1.9.0/stm32cubeide/plugins/com.st.stm32cube.ide.mcu.externaltools.gnu-tools-for-stm32.10.3-2021.10.win32_1.0.0.202111181127/tools/bin/../lib/gcc/arm-none-eabi/10.3.1/thumb/v7e-m+fp/hard\libgcc.a(_dvmd_tls.o)
 .ARM.attributes
                0x00000000000004bf       0x1e c:/st/stm32cubeide_1.9.0/stm32cubeide/plugins/com.st.stm32cube.ide.mcu.externaltools.gnu-tools-for-stm32.10.3-2021.10.win32_1.0.0.202111181127/tools/bin/../lib/gcc/arm-none-eabi/10.3.1/thumb/v7e-m+fp/hard/crtn.o
OUTPUT(FIFO_UART_DMA.elf elf32-littlearm)
LOAD linker stubs
LOAD c:/st/stm32cubeide_1.9.0/stm32cubeide/plugins/com.st.stm32cube.ide.mcu.externaltools.gnu-tools-for-stm32.10.3-2021.10.win32_1.0.0.202111181127/tools/bin/../lib/gcc/arm-none-eabi/10.3.1/../../../../arm-none-eabi/lib/thumb/v7e-m+fp/hard\libc.a
LOAD c:/st/stm32cubeide_1.9.0/stm32cubeide/plugins/com.st.stm32cube.ide.mcu.externaltools.gnu-tools-for-stm32.10.3-2021.10.win32_1.0.0.202111181127/tools/bin/../lib/gcc/arm-none-eabi/10.3.1/../../../../arm-none-eabi/lib/thumb/v7e-m+fp/hard\libm.a
LOAD c:/st/stm32cubeide_1.9.0/stm32cubeide/plugins/com.st.stm32cube.ide.mcu.externaltools.gnu-tools-for-stm32.10.3-2021.10.win32_1.0.0.202111181127/tools/bin/../lib/gcc/arm-none-eabi/10.3.1/thumb/v7e-m+fp/hard\libgcc.a

.debug_info     0x0000000000000000    0x15cf5
 .debug_info    0x0000000000000000      0x79a ./Core/Src/fifo.o
 .debug_info    0x000000000000079a     0x2652 ./Core/Src/main.o
 .debug_info    0x0000000000002dec     0x1f1e ./Core/Src/stm32f4xx_hal_msp.o
 .debug_info    0x0000000000004d0a      0xb16 ./Core/Src/stm32f4xx_it.o
 .debug_info    0x0000000000005820      0x53f ./Core/Src/system_stm32f4xx.o
 .debug_info    0x0000000000005d5f       0x22 ./Core/Startup/startup_stm32f429zitx.o
 .debug_info    0x0000000000005d81      0x9f4 ./Drivers/STM32F4xx_HAL_Driver/Src/stm32f4xx_hal.o
 .debug_info    0x0000000000006775      0xe51 ./Drivers/STM32F4xx_HAL_Driver/Src/stm32f4xx_hal_cortex.o
 .debug_info    0x00000000000075c6      0x94f ./Drivers/STM32F4xx_HAL_Driver/Src/stm32f4xx_hal_dma.o
 .debug_info    0x0000000000007f15     0x21c9 ./Drivers/STM32F4xx_HAL_Driver/Src/stm32f4xx_hal_eth.o
 .debug_info    0x000000000000a0de      0x786 ./Drivers/STM32F4xx_HAL_Driver/Src/stm32f4xx_hal_gpio.o
 .debug_info    0x000000000000a864     0x1695 ./Drivers/STM32F4xx_HAL_Driver/Src/stm32f4xx_hal_pcd.o
 .debug_info    0x000000000000bef9      0x982 ./Drivers/STM32F4xx_HAL_Driver/Src/stm32f4xx_hal_rcc.o
 .debug_info    0x000000000000c87b      0x689 ./Drivers/STM32F4xx_HAL_Driver/Src/stm32f4xx_hal_rcc_ex.o
 .debug_info    0x000000000000cf04     0x2bbe ./Drivers/STM32F4xx_HAL_Driver/Src/stm32f4xx_hal_tim.o
 .debug_info    0x000000000000fac2     0x15e0 ./Drivers/STM32F4xx_HAL_Driver/Src/stm32f4xx_hal_tim_ex.o
 .debug_info    0x00000000000110a2     0x31bc ./Drivers/STM32F4xx_HAL_Driver/Src/stm32f4xx_hal_uart.o
 .debug_info    0x000000000001425e     0x1a97 ./Drivers/STM32F4xx_HAL_Driver/Src/stm32f4xx_ll_usb.o

.debug_abbrev   0x0000000000000000     0x284b
 .debug_abbrev  0x0000000000000000      0x1ff ./Core/Src/fifo.o
 .debug_abbrev  0x00000000000001ff      0x353 ./Core/Src/main.o
 .debug_abbrev  0x0000000000000552      0x299 ./Core/Src/stm32f4xx_hal_msp.o
 .debug_abbrev  0x00000000000007eb      0x1ca ./Core/Src/stm32f4xx_it.o
 .debug_abbrev  0x00000000000009b5      0x116 ./Core/Src/system_stm32f4xx.o
 .debug_abbrev  0x0000000000000acb       0x12 ./Core/Startup/startup_stm32f429zitx.o
 .debug_abbrev  0x0000000000000add      0x20d ./Drivers/STM32F4xx_HAL_Driver/Src/stm32f4xx_hal.o
 .debug_abbrev  0x0000000000000cea      0x316 ./Drivers/STM32F4xx_HAL_Driver/Src/stm32f4xx_hal_cortex.o
 .debug_abbrev  0x0000000000001000      0x25b ./Drivers/STM32F4xx_HAL_Driver/Src/stm32f4xx_hal_dma.o
 .debug_abbrev  0x000000000000125b      0x2d3 ./Drivers/STM32F4xx_HAL_Driver/Src/stm32f4xx_hal_eth.o
 .debug_abbrev  0x000000000000152e      0x1c4 ./Drivers/STM32F4xx_HAL_Driver/Src/stm32f4xx_hal_gpio.o
 .debug_abbrev  0x00000000000016f2      0x2bb ./Drivers/STM32F4xx_HAL_Driver/Src/stm32f4xx_hal_pcd.o
 .debug_abbrev  0x00000000000019ad      0x2aa ./Drivers/STM32F4xx_HAL_Driver/Src/stm32f4xx_hal_rcc.o
 .debug_abbrev  0x0000000000001c57      0x1a8 ./Drivers/STM32F4xx_HAL_Driver/Src/stm32f4xx_hal_rcc_ex.o
 .debug_abbrev  0x0000000000001dff      0x25d ./Drivers/STM32F4xx_HAL_Driver/Src/stm32f4xx_hal_tim.o
 .debug_abbrev  0x000000000000205c      0x265 ./Drivers/STM32F4xx_HAL_Driver/Src/stm32f4xx_hal_tim_ex.o
 .debug_abbrev  0x00000000000022c1      0x2f4 ./Drivers/STM32F4xx_HAL_Driver/Src/stm32f4xx_hal_uart.o
 .debug_abbrev  0x00000000000025b5      0x296 ./Drivers/STM32F4xx_HAL_Driver/Src/stm32f4xx_ll_usb.o

.debug_aranges  0x0000000000000000     0x11c8
 .debug_aranges
                0x0000000000000000       0x40 ./Core/Src/fifo.o
 .debug_aranges
                0x0000000000000040       0x78 ./Core/Src/main.o
 .debug_aranges
                0x00000000000000b8       0x60 ./Core/Src/stm32f4xx_hal_msp.o
 .debug_aranges
                0x0000000000000118       0x80 ./Core/Src/stm32f4xx_it.o
 .debug_aranges
                0x0000000000000198       0x28 ./Core/Src/system_stm32f4xx.o
 .debug_aranges
                0x00000000000001c0       0x28 ./Core/Startup/startup_stm32f429zitx.o
 .debug_aranges
                0x00000000000001e8      0x100 ./Drivers/STM32F4xx_HAL_Driver/Src/stm32f4xx_hal.o
 .debug_aranges
                0x00000000000002e8      0x118 ./Drivers/STM32F4xx_HAL_Driver/Src/stm32f4xx_hal_cortex.o
 .debug_aranges
                0x0000000000000400       0x90 ./Drivers/STM32F4xx_HAL_Driver/Src/stm32f4xx_hal_dma.o
 .debug_aranges
                0x0000000000000490      0x1e0 ./Drivers/STM32F4xx_HAL_Driver/Src/stm32f4xx_hal_eth.o
 .debug_aranges
                0x0000000000000670       0x58 ./Drivers/STM32F4xx_HAL_Driver/Src/stm32f4xx_hal_gpio.o
 .debug_aranges
                0x00000000000006c8      0x148 ./Drivers/STM32F4xx_HAL_Driver/Src/stm32f4xx_hal_pcd.o
 .debug_aranges
                0x0000000000000810       0x88 ./Drivers/STM32F4xx_HAL_Driver/Src/stm32f4xx_hal_rcc.o
 .debug_aranges
                0x0000000000000898       0x58 ./Drivers/STM32F4xx_HAL_Driver/Src/stm32f4xx_hal_rcc_ex.o
 .debug_aranges
                0x00000000000008f0      0x3d0 ./Drivers/STM32F4xx_HAL_Driver/Src/stm32f4xx_hal_tim.o
 .debug_aranges
                0x0000000000000cc0      0x168 ./Drivers/STM32F4xx_HAL_Driver/Src/stm32f4xx_hal_tim_ex.o
 .debug_aranges
                0x0000000000000e28      0x200 ./Drivers/STM32F4xx_HAL_Driver/Src/stm32f4xx_hal_uart.o
 .debug_aranges
                0x0000000000001028      0x1a0 ./Drivers/STM32F4xx_HAL_Driver/Src/stm32f4xx_ll_usb.o

.debug_ranges   0x0000000000000000     0x10e0
 .debug_ranges  0x0000000000000000       0x30 ./Core/Src/fifo.o
 .debug_ranges  0x0000000000000030       0x68 ./Core/Src/main.o
 .debug_ranges  0x0000000000000098       0x50 ./Core/Src/stm32f4xx_hal_msp.o
 .debug_ranges  0x00000000000000e8       0x70 ./Core/Src/stm32f4xx_it.o
 .debug_ranges  0x0000000000000158       0x18 ./Core/Src/system_stm32f4xx.o
 .debug_ranges  0x0000000000000170       0x20 ./Core/Startup/startup_stm32f429zitx.o
 .debug_ranges  0x0000000000000190       0xf0 ./Drivers/STM32F4xx_HAL_Driver/Src/stm32f4xx_hal.o
 .debug_ranges  0x0000000000000280      0x108 ./Drivers/STM32F4xx_HAL_Driver/Src/stm32f4xx_hal_cortex.o
 .debug_ranges  0x0000000000000388       0x80 ./Drivers/STM32F4xx_HAL_Driver/Src/stm32f4xx_hal_dma.o
 .debug_ranges  0x0000000000000408      0x1d0 ./Drivers/STM32F4xx_HAL_Driver/Src/stm32f4xx_hal_eth.o
 .debug_ranges  0x00000000000005d8       0x48 ./Drivers/STM32F4xx_HAL_Driver/Src/stm32f4xx_hal_gpio.o
 .debug_ranges  0x0000000000000620      0x138 ./Drivers/STM32F4xx_HAL_Driver/Src/stm32f4xx_hal_pcd.o
 .debug_ranges  0x0000000000000758       0x78 ./Drivers/STM32F4xx_HAL_Driver/Src/stm32f4xx_hal_rcc.o
 .debug_ranges  0x00000000000007d0       0x48 ./Drivers/STM32F4xx_HAL_Driver/Src/stm32f4xx_hal_rcc_ex.o
 .debug_ranges  0x0000000000000818      0x3c0 ./Drivers/STM32F4xx_HAL_Driver/Src/stm32f4xx_hal_tim.o
 .debug_ranges  0x0000000000000bd8      0x158 ./Drivers/STM32F4xx_HAL_Driver/Src/stm32f4xx_hal_tim_ex.o
 .debug_ranges  0x0000000000000d30      0x220 ./Drivers/STM32F4xx_HAL_Driver/Src/stm32f4xx_hal_uart.o
 .debug_ranges  0x0000000000000f50      0x190 ./Drivers/STM32F4xx_HAL_Driver/Src/stm32f4xx_ll_usb.o

.debug_macro    0x0000000000000000    0x24fba
 .debug_macro   0x0000000000000000      0x21e ./Core/Src/fifo.o
 .debug_macro   0x000000000000021e      0xa78 ./Core/Src/fifo.o
 .debug_macro   0x0000000000000c96      0x2b5 ./Core/Src/fifo.o
 .debug_macro   0x0000000000000f4b       0x2e ./Core/Src/fifo.o
 .debug_macro   0x0000000000000f79       0x28 ./Core/Src/fifo.o
 .debug_macro   0x0000000000000fa1       0x22 ./Core/Src/fifo.o
 .debug_macro   0x0000000000000fc3       0x8e ./Core/Src/fifo.o
 .debug_macro   0x0000000000001051       0x51 ./Core/Src/fifo.o
 .debug_macro   0x00000000000010a2      0x103 ./Core/Src/fifo.o
 .debug_macro   0x00000000000011a5       0x6a ./Core/Src/fifo.o
 .debug_macro   0x000000000000120f      0x1df ./Core/Src/fifo.o
 .debug_macro   0x00000000000013ee       0x1c ./Core/Src/fifo.o
 .debug_macro   0x000000000000140a       0x22 ./Core/Src/fifo.o
 .debug_macro   0x000000000000142c       0xd9 ./Core/Src/fifo.o
 .debug_macro   0x0000000000001505     0x102d ./Core/Src/fifo.o
 .debug_macro   0x0000000000002532      0x11f ./Core/Src/fifo.o
 .debug_macro   0x0000000000002651    0x17fc0 ./Core/Src/fifo.o
 .debug_macro   0x000000000001a611       0x6d ./Core/Src/fifo.o
 .debug_macro   0x000000000001a67e     0x36f5 ./Core/Src/fifo.o
 .debug_macro   0x000000000001dd73      0x174 ./Core/Src/fifo.o
 .debug_macro   0x000000000001dee7       0x5c ./Core/Src/fifo.o
 .debug_macro   0x000000000001df43      0xca5 ./Core/Src/fifo.o
 .debug_macro   0x000000000001ebe8      0x9fe ./Core/Src/fifo.o
 .debug_macro   0x000000000001f5e6      0x115 ./Core/Src/fifo.o
 .debug_macro   0x000000000001f6fb      0x156 ./Core/Src/fifo.o
 .debug_macro   0x000000000001f851       0xa5 ./Core/Src/fifo.o
 .debug_macro   0x000000000001f8f6      0x182 ./Core/Src/fifo.o
 .debug_macro   0x000000000001fa78      0x287 ./Core/Src/fifo.o
 .debug_macro   0x000000000001fcff       0x5f ./Core/Src/fifo.o
 .debug_macro   0x000000000001fd5e      0x236 ./Core/Src/fifo.o
 .debug_macro   0x000000000001ff94      0xd44 ./Core/Src/fifo.o
 .debug_macro   0x0000000000020cd8      0x132 ./Core/Src/fifo.o
 .debug_macro   0x0000000000020e0a      0x41d ./Core/Src/fifo.o
 .debug_macro   0x0000000000021227       0x2e ./Core/Src/fifo.o
 .debug_macro   0x0000000000021255      0x11a ./Core/Src/fifo.o
 .debug_macro   0x000000000002136f       0xe2 ./Core/Src/fifo.o
 .debug_macro   0x0000000000021451       0x89 ./Core/Src/fifo.o
 .debug_macro   0x00000000000214da      0x8e6 ./Core/Src/fifo.o
 .debug_macro   0x0000000000021dc0       0x47 ./Core/Src/fifo.o
 .debug_macro   0x0000000000021e07      0x295 ./Core/Src/fifo.o
 .debug_macro   0x000000000002209c      0x248 ./Core/Src/fifo.o
 .debug_macro   0x00000000000222e4       0xba ./Core/Src/fifo.o
 .debug_macro   0x000000000002239e      0x134 ./Core/Src/fifo.o
 .debug_macro   0x00000000000224d2      0x130 ./Core/Src/fifo.o
 .debug_macro   0x0000000000022602       0x10 ./Core/Src/fifo.o
 .debug_macro   0x0000000000022612      0x2ec ./Core/Src/main.o
 .debug_macro   0x00000000000228fe       0x52 ./Core/Src/main.o
 .debug_macro   0x0000000000022950       0x1e ./Core/Src/main.o
 .debug_macro   0x000000000002296e       0x3c ./Core/Src/main.o
 .debug_macro   0x00000000000229aa       0x34 ./Core/Src/main.o
 .debug_macro   0x00000000000229de       0x16 ./Core/Src/main.o
 .debug_macro   0x00000000000229f4       0x43 ./Core/Src/main.o
 .debug_macro   0x0000000000022a37       0x34 ./Core/Src/main.o
 .debug_macro   0x0000000000022a6b       0x10 ./Core/Src/main.o
 .debug_macro   0x0000000000022a7b       0x58 ./Core/Src/main.o
 .debug_macro   0x0000000000022ad3       0x71 ./Core/Src/main.o
 .debug_macro   0x0000000000022b44       0x1c ./Core/Src/main.o
 .debug_macro   0x0000000000022b60      0x12a ./Core/Src/main.o
 .debug_macro   0x0000000000022c8a      0x341 ./Core/Src/main.o
 .debug_macro   0x0000000000022fcb       0x10 ./Core/Src/main.o
 .debug_macro   0x0000000000022fdb       0x35 ./Core/Src/main.o
 .debug_macro   0x0000000000023010       0x20 ./Core/Src/main.o
 .debug_macro   0x0000000000023030      0x21e ./Core/Src/stm32f4xx_hal_msp.o
 .debug_macro   0x000000000002324e      0x228 ./Core/Src/stm32f4xx_it.o
 .debug_macro   0x0000000000023476      0x1fc ./Core/Src/system_stm32f4xx.o
 .debug_macro   0x0000000000023672      0x25c ./Drivers/STM32F4xx_HAL_Driver/Src/stm32f4xx_hal.o
 .debug_macro   0x00000000000238ce      0x1fc ./Drivers/STM32F4xx_HAL_Driver/Src/stm32f4xx_hal_cortex.o
 .debug_macro   0x0000000000023aca      0x202 ./Drivers/STM32F4xx_HAL_Driver/Src/stm32f4xx_hal_dma.o
 .debug_macro   0x0000000000023ccc      0x2d6 ./Drivers/STM32F4xx_HAL_Driver/Src/stm32f4xx_hal_eth.o
 .debug_macro   0x0000000000023fa2      0x202 ./Drivers/STM32F4xx_HAL_Driver/Src/stm32f4xx_hal_gpio.o
 .debug_macro   0x00000000000241a4      0x208 ./Drivers/STM32F4xx_HAL_Driver/Src/stm32f4xx_hal_pcd.o
 .debug_macro   0x00000000000243ac      0x220 ./Drivers/STM32F4xx_HAL_Driver/Src/stm32f4xx_hal_rcc.o
 .debug_macro   0x00000000000245cc      0x1fc ./Drivers/STM32F4xx_HAL_Driver/Src/stm32f4xx_hal_rcc_ex.o
 .debug_macro   0x00000000000247c8      0x1fd ./Drivers/STM32F4xx_HAL_Driver/Src/stm32f4xx_hal_tim.o
 .debug_macro   0x00000000000249c5      0x1fc ./Drivers/STM32F4xx_HAL_Driver/Src/stm32f4xx_hal_tim_ex.o
 .debug_macro   0x0000000000024bc1      0x1fd ./Drivers/STM32F4xx_HAL_Driver/Src/stm32f4xx_hal_uart.o
 .debug_macro   0x0000000000024dbe      0x1fc ./Drivers/STM32F4xx_HAL_Driver/Src/stm32f4xx_ll_usb.o

.debug_line     0x0000000000000000    0x13bb3
 .debug_line    0x0000000000000000      0x8e8 ./Core/Src/fifo.o
 .debug_line    0x00000000000008e8      0xb2d ./Core/Src/main.o
 .debug_line    0x0000000000001415      0x8dc ./Core/Src/stm32f4xx_hal_msp.o
 .debug_line    0x0000000000001cf1      0x847 ./Core/Src/stm32f4xx_it.o
 .debug_line    0x0000000000002538      0x797 ./Core/Src/system_stm32f4xx.o
 .debug_line    0x0000000000002ccf       0x88 ./Core/Startup/startup_stm32f429zitx.o
 .debug_line    0x0000000000002d57      0xa33 ./Drivers/STM32F4xx_HAL_Driver/Src/stm32f4xx_hal.o
 .debug_line    0x000000000000378a      0xcac ./Drivers/STM32F4xx_HAL_Driver/Src/stm32f4xx_hal_cortex.o
 .debug_line    0x0000000000004436      0xf61 ./Drivers/STM32F4xx_HAL_Driver/Src/stm32f4xx_hal_dma.o
 .debug_line    0x0000000000005397     0x1855 ./Drivers/STM32F4xx_HAL_Driver/Src/stm32f4xx_hal_eth.o
 .debug_line    0x0000000000006bec      0xb99 ./Drivers/STM32F4xx_HAL_Driver/Src/stm32f4xx_hal_gpio.o
 .debug_line    0x0000000000007785     0x14a0 ./Drivers/STM32F4xx_HAL_Driver/Src/stm32f4xx_hal_pcd.o
 .debug_line    0x0000000000008c25      0xd79 ./Drivers/STM32F4xx_HAL_Driver/Src/stm32f4xx_hal_rcc.o
 .debug_line    0x000000000000999e      0xbce ./Drivers/STM32F4xx_HAL_Driver/Src/stm32f4xx_hal_rcc_ex.o
 .debug_line    0x000000000000a56c     0x36f1 ./Drivers/STM32F4xx_HAL_Driver/Src/stm32f4xx_hal_tim.o
 .debug_line    0x000000000000dc5d     0x19fa ./Drivers/STM32F4xx_HAL_Driver/Src/stm32f4xx_hal_tim_ex.o
 .debug_line    0x000000000000f657     0x2aa2 ./Drivers/STM32F4xx_HAL_Driver/Src/stm32f4xx_hal_uart.o
 .debug_line    0x00000000000120f9     0x1aba ./Drivers/STM32F4xx_HAL_Driver/Src/stm32f4xx_ll_usb.o

.debug_str      0x0000000000000000    0xe26a4
 .debug_str     0x0000000000000000    0xd95fb ./Core/Src/fifo.o
                                      0xd98e7 (size before relaxing)
 .debug_str     0x00000000000d95fb     0x45c3 ./Core/Src/main.o
                                      0xddf5d (size before relaxing)
 .debug_str     0x00000000000ddbbe      0x10f ./Core/Src/stm32f4xx_hal_msp.o
                                      0xdabc6 (size before relaxing)
 .debug_str     0x00000000000ddccd      0x16c ./Core/Src/stm32f4xx_it.o
                                      0xd9ca8 (size before relaxing)
 .debug_str     0x00000000000dde39       0xdb ./Core/Src/system_stm32f4xx.o
                                      0xd90af (size before relaxing)
 .debug_str     0x00000000000ddf14       0x36 ./Core/Startup/startup_stm32f429zitx.o
                                         0x61 (size before relaxing)
 .debug_str     0x00000000000ddf4a      0x648 ./Drivers/STM32F4xx_HAL_Driver/Src/stm32f4xx_hal.o
                                      0xd9cd2 (size before relaxing)
 .debug_str     0x00000000000de592      0x321 ./Drivers/STM32F4xx_HAL_Driver/Src/stm32f4xx_hal_cortex.o
                                      0xd99b7 (size before relaxing)
 .debug_str     0x00000000000de8b3      0x2e3 ./Drivers/STM32F4xx_HAL_Driver/Src/stm32f4xx_hal_dma.o
                                      0xd94b6 (size before relaxing)
 .debug_str     0x00000000000deb96     0x1306 ./Drivers/STM32F4xx_HAL_Driver/Src/stm32f4xx_hal_eth.o
                                      0xdaa58 (size before relaxing)
 .debug_str     0x00000000000dfe9c       0xce ./Drivers/STM32F4xx_HAL_Driver/Src/stm32f4xx_hal_gpio.o
                                      0xd922a (size before relaxing)
 .debug_str     0x00000000000dff6a      0x7fd ./Drivers/STM32F4xx_HAL_Driver/Src/stm32f4xx_hal_pcd.o
                                      0xd9b5e (size before relaxing)
 .debug_str     0x00000000000e0767      0x1f6 ./Drivers/STM32F4xx_HAL_Driver/Src/stm32f4xx_hal_rcc.o
                                      0xd94e3 (size before relaxing)
 .debug_str     0x00000000000e095d      0x12b ./Drivers/STM32F4xx_HAL_Driver/Src/stm32f4xx_hal_rcc_ex.o
                                      0xd92aa (size before relaxing)
 .debug_str     0x00000000000e0a88      0xdac ./Drivers/STM32F4xx_HAL_Driver/Src/stm32f4xx_hal_tim.o
                                      0xda416 (size before relaxing)
 .debug_str     0x00000000000e1834      0x493 ./Drivers/STM32F4xx_HAL_Driver/Src/stm32f4xx_hal_tim_ex.o
                                      0xd9c32 (size before relaxing)
 .debug_str     0x00000000000e1cc7      0x59e ./Drivers/STM32F4xx_HAL_Driver/Src/stm32f4xx_hal_uart.o
                                      0xd9a6f (size before relaxing)
 .debug_str     0x00000000000e2265      0x43f ./Drivers/STM32F4xx_HAL_Driver/Src/stm32f4xx_ll_usb.o
                                      0xd99c6 (size before relaxing)

.comment        0x0000000000000000       0x50
 .comment       0x0000000000000000       0x50 ./Core/Src/fifo.o
                                         0x51 (size before relaxing)
 .comment       0x0000000000000050       0x51 ./Core/Src/main.o
 .comment       0x0000000000000050       0x51 ./Core/Src/stm32f4xx_hal_msp.o
 .comment       0x0000000000000050       0x51 ./Core/Src/stm32f4xx_it.o
 .comment       0x0000000000000050       0x51 ./Core/Src/system_stm32f4xx.o
 .comment       0x0000000000000050       0x51 ./Drivers/STM32F4xx_HAL_Driver/Src/stm32f4xx_hal.o
 .comment       0x0000000000000050       0x51 ./Drivers/STM32F4xx_HAL_Driver/Src/stm32f4xx_hal_cortex.o
 .comment       0x0000000000000050       0x51 ./Drivers/STM32F4xx_HAL_Driver/Src/stm32f4xx_hal_dma.o
 .comment       0x0000000000000050       0x51 ./Drivers/STM32F4xx_HAL_Driver/Src/stm32f4xx_hal_eth.o
 .comment       0x0000000000000050       0x51 ./Drivers/STM32F4xx_HAL_Driver/Src/stm32f4xx_hal_gpio.o
 .comment       0x0000000000000050       0x51 ./Drivers/STM32F4xx_HAL_Driver/Src/stm32f4xx_hal_pcd.o
 .comment       0x0000000000000050       0x51 ./Drivers/STM32F4xx_HAL_Driver/Src/stm32f4xx_hal_rcc.o
 .comment       0x0000000000000050       0x51 ./Drivers/STM32F4xx_HAL_Driver/Src/stm32f4xx_hal_rcc_ex.o
 .comment       0x0000000000000050       0x51 ./Drivers/STM32F4xx_HAL_Driver/Src/stm32f4xx_hal_tim.o
 .comment       0x0000000000000050       0x51 ./Drivers/STM32F4xx_HAL_Driver/Src/stm32f4xx_hal_tim_ex.o
 .comment       0x0000000000000050       0x51 ./Drivers/STM32F4xx_HAL_Driver/Src/stm32f4xx_hal_uart.o
 .comment       0x0000000000000050       0x51 ./Drivers/STM32F4xx_HAL_Driver/Src/stm32f4xx_ll_usb.o

.debug_frame    0x0000000000000000     0x4c88
 .debug_frame   0x0000000000000000       0xb8 ./Core/Src/fifo.o
 .debug_frame   0x00000000000000b8      0x198 ./Core/Src/main.o
 .debug_frame   0x0000000000000250      0x158 ./Core/Src/stm32f4xx_hal_msp.o
 .debug_frame   0x00000000000003a8      0x178 ./Core/Src/stm32f4xx_it.o
 .debug_frame   0x0000000000000520       0x58 ./Core/Src/system_stm32f4xx.o
 .debug_frame   0x0000000000000578      0x3b4 ./Drivers/STM32F4xx_HAL_Driver/Src/stm32f4xx_hal.o
 .debug_frame   0x000000000000092c      0x498 ./Drivers/STM32F4xx_HAL_Driver/Src/stm32f4xx_hal_cortex.o
 .debug_frame   0x0000000000000dc4      0x250 ./Drivers/STM32F4xx_HAL_Driver/Src/stm32f4xx_hal_dma.o
 .debug_frame   0x0000000000001014      0x8a8 ./Drivers/STM32F4xx_HAL_Driver/Src/stm32f4xx_hal_eth.o
 .debug_frame   0x00000000000018bc      0x14c ./Drivers/STM32F4xx_HAL_Driver/Src/stm32f4xx_hal_gpio.o
 .debug_frame   0x0000000000001a08      0x5bc ./Drivers/STM32F4xx_HAL_Driver/Src/stm32f4xx_hal_pcd.o
 .debug_frame   0x0000000000001fc4      0x1f4 ./Drivers/STM32F4xx_HAL_Driver/Src/stm32f4xx_hal_rcc.o
 .debug_frame   0x00000000000021b8      0x13c ./Drivers/STM32F4xx_HAL_Driver/Src/stm32f4xx_hal_rcc_ex.o
 .debug_frame   0x00000000000022f4     0x11c4 ./Drivers/STM32F4xx_HAL_Driver/Src/stm32f4xx_hal_tim.o
 .debug_frame   0x00000000000034b8      0x638 ./Drivers/STM32F4xx_HAL_Driver/Src/stm32f4xx_hal_tim_ex.o
 .debug_frame   0x0000000000003af0      0x92c ./Drivers/STM32F4xx_HAL_Driver/Src/stm32f4xx_hal_uart.o
 .debug_frame   0x000000000000441c      0x7c0 ./Drivers/STM32F4xx_HAL_Driver/Src/stm32f4xx_ll_usb.o
 .debug_frame   0x0000000000004bdc       0x2c c:/st/stm32cubeide_1.9.0/stm32cubeide/plugins/com.st.stm32cube.ide.mcu.externaltools.gnu-tools-for-stm32.10.3-2021.10.win32_1.0.0.202111181127/tools/bin/../lib/gcc/arm-none-eabi/10.3.1/../../../../arm-none-eabi/lib/thumb/v7e-m+fp/hard\libc_nano.a(lib_a-init.o)
 .debug_frame   0x0000000000004c08       0x20 c:/st/stm32cubeide_1.9.0/stm32cubeide/plugins/com.st.stm32cube.ide.mcu.externaltools.gnu-tools-for-stm32.10.3-2021.10.win32_1.0.0.202111181127/tools/bin/../lib/gcc/arm-none-eabi/10.3.1/../../../../arm-none-eabi/lib/thumb/v7e-m+fp/hard\libc_nano.a(lib_a-memset.o)
 .debug_frame   0x0000000000004c28       0x2c c:/st/stm32cubeide_1.9.0/stm32cubeide/plugins/com.st.stm32cube.ide.mcu.externaltools.gnu-tools-for-stm32.10.3-2021.10.win32_1.0.0.202111181127/tools/bin/../lib/gcc/arm-none-eabi/10.3.1/thumb/v7e-m+fp/hard\libgcc.a(_aeabi_uldivmod.o)
 .debug_frame   0x0000000000004c54       0x34 c:/st/stm32cubeide_1.9.0/stm32cubeide/plugins/com.st.stm32cube.ide.mcu.externaltools.gnu-tools-for-stm32.10.3-2021.10.win32_1.0.0.202111181127/tools/bin/../lib/gcc/arm-none-eabi/10.3.1/thumb/v7e-m+fp/hard\libgcc.a(_udivmoddi4.o)
