../Core/Src/main.c:91:6:HAL_UART_RxCpltCallback	16	static
../Core/Src/main.c:94:6:HAL_UART_TxCpltCallback	16	static
../Core/Src/main.c:105:5:main	8	static
../Core/Src/main.c:179:6:SystemClock_Config	88	static
../Core/Src/main.c:228:6:PeriphCommonClock_Config	56	static
../Core/Src/main.c:246:13:MX_ETH_Init	8	static
../Core/Src/main.c:295:13:MX_TIM3_Init	32	static
../Core/Src/main.c:340:13:MX_USART2_UART_Init	8	static
../Core/Src/main.c:373:13:MX_USB_OTG_FS_PCD_Init	8	static
../Core/Src/main.c:406:13:MX_DMA_Init	16	static
../Core/Src/main.c:427:13:MX_GPIO_Init	56	static
../Core/Src/main.c:489:6:Error_Handler	4	static,ignoring_inline_asm
